******************************************************************************
             TMS320C2000 Linker PC v22.6.1                     
******************************************************************************
>> Linked Sun Nov 10 19:12:27 2024

OUTPUT FILE NAME:   <BOARD2.out>
ENTRY POINT SYMBOL: "_c_int00"  address: 0000b613


MEMORY CONFIGURATION

         name            origin    length      used     unused   attr    fill
----------------------  --------  ---------  --------  --------  ----  --------
PAGE 0:
  BEGIN                 00000000   00000002  00000000  00000002  RWIX
  RAMM0                 00000122   000002de  0000001a  000002c4  RWIX
  RAMM0                 00000122   000002de  00000000  000002de  RWIX
  RAMLS0                00008000   00000800  00000000  00000800  RWIX
  RAMLS0                00008000   00000800  00000000  00000800  RWIX
  RAMLS1                00008800   00000800  00000000  00000800  RWIX
  RAMLS1                00008800   00000800  00000000  00000800  RWIX
  RAMLS2                00009000   00000800  00000000  00000800  RWIX
  RAMLS2                00009000   00000800  00000000  00000800  RWIX
  RAMLS3                00009800   00000800  00000000  00000800  RWIX
  RAMLS3                00009800   00000800  00000000  00000800  RWIX
  RAMLS4                0000a000   00000800  00000000  00000800  RWIX
  RAMLS4                0000a000   00000800  00000000  00000800  RWIX
  RAMD0                 0000b000   00000800  0000071b  000000e5  RWIX
  RAMD0                 0000b000   00000800  00000000  00000800  RWIX
  RAMGS10               00016000   00001000  00000000  00001000  RWIX
  RAMGS11               00017000   00001000  00000000  00001000  RWIX
  RAMGS12               00018000   00001000  00000000  00001000  RWIX
  RAMGS13               00019000   00001000  00000000  00001000  RWIX
  RAMGS14               0001a000   00001000  00000000  00001000  RWIX
  RAMGS14               0001a000   00001000  00000000  00001000  RWIX
  RAMGS15               0001b000   00001000  00000000  00001000  RWIX
  RAMGS15               0001b000   00001000  00000000  00001000  RWIX
  BEGIN                 00080000   00000002  00000000  00000002  RWIX
  FLASHA                00080002   00001ffe  00000000  00001ffe  RWIX
  FLASHB                00082000   00002000  00000000  00002000  RWIX
  FLASHC                00084000   00002000  00000000  00002000  RWIX
  FLASHD                00086000   00002000  00000000  00002000  RWIX
  FLASHE                00088000   00008000  00000000  00008000  RWIX
  FLASHF                00090000   00008000  00000000  00008000  RWIX
  FLASHG                00098000   00008000  00000000  00008000  RWIX
  FLASHH                000a0000   00008000  00000000  00008000  RWIX
  FLASHI                000a8000   00008000  00000000  00008000  RWIX
  FLASHJ                000b0000   00008000  00000000  00008000  RWIX
  FLASHK                000b8000   00002000  00000000  00002000  RWIX
  FLASHL                000ba000   00002000  00000000  00002000  RWIX
  FLASHM                000bc000   00002000  00000000  00002000  RWIX
  FLASHN                000be000   00001ff0  00000000  00001ff0  RWIX
  FLASHN_DO_NOT_USE     000bfff0   00000010  00000000  00000010  RWIX
  RESET                 003fffc0   00000002  00000000  00000002  RWIX
  RESET                 003fffc0   00000002  00000000  00000002  RWIX

PAGE 1:
  BOOT_RSVD             00000002   00000120  00000000  00000120  RWIX
  BOOT_RSVD             00000002   00000120  00000000  00000120  RWIX
  RAMM1                 00000400   00000400  00000200  00000200  RWIX
  RAMM1                 00000400   00000400  00000000  00000400  RWIX
  ADCA_RESULT           00000b00   00000020  00000018  00000008  RWIX
  ADCB_RESULT           00000b20   00000020  00000018  00000008  RWIX
  ADCC_RESULT           00000b40   00000020  00000018  00000008  RWIX
  ADCD_RESULT           00000b60   00000020  00000018  00000008  RWIX
  CPU_TIMER0            00000c00   00000008  00000008  00000000  RWIX
  CPU_TIMER1            00000c08   00000008  00000000  00000008  RWIX
  CPU_TIMER2            00000c10   00000008  00000000  00000008  RWIX
  PIE_CTRL              00000ce0   00000020  0000001a  00000006  RWIX
  PIE_VECT              00000d00   00000200  000001c0  00000040  RWIX
  DMA                   00001000   00000200  00000000  00000200  RWIX
  CLA1                  00001400   00000040  00000000  00000040  RWIX
  EPWM1                 00004000   00000100  00000100  00000000  RWIX
  EPWM2                 00004100   00000100  00000100  00000000  RWIX
  EPWM3                 00004200   00000100  00000100  00000000  RWIX
  EPWM4                 00004300   00000100  00000100  00000000  RWIX
  EPWM5                 00004400   00000100  00000100  00000000  RWIX
  EPWM6                 00004500   00000100  00000100  00000000  RWIX
  EPWM7                 00004600   00000100  00000100  00000000  RWIX
  EPWM8                 00004700   00000100  00000100  00000000  RWIX
  EPWM9                 00004800   00000100  00000100  00000000  RWIX
  EPWM10                00004900   00000100  00000100  00000000  RWIX
  EPWM11                00004a00   00000100  00000100  00000000  RWIX
  EPWM12                00004b00   00000100  00000000  00000100  RWIX
  ECAP1                 00005000   00000020  00000020  00000000  RWIX
  ECAP2                 00005020   00000020  00000000  00000020  RWIX
  ECAP3                 00005040   00000020  00000000  00000020  RWIX
  ECAP4                 00005060   00000020  00000000  00000020  RWIX
  ECAP5                 00005080   00000020  00000000  00000020  RWIX
  ECAP6                 000050a0   00000020  00000000  00000020  RWIX
  EQEP1                 00005100   00000040  00000022  0000001e  RWIX
  EQEP2                 00005140   00000040  00000000  00000040  RWIX
  EQEP3                 00005180   00000040  00000022  0000001e  RWIX
  DACA                  00005c00   00000010  00000000  00000010  RWIX
  DACB                  00005c10   00000010  00000000  00000010  RWIX
  DACC                  00005c20   00000010  00000000  00000010  RWIX
  CMPSS1                00005c80   00000020  00000000  00000020  RWIX
  CMPSS2                00005ca0   00000020  00000000  00000020  RWIX
  CMPSS3                00005cc0   00000020  00000000  00000020  RWIX
  CMPSS4                00005ce0   00000020  00000000  00000020  RWIX
  CMPSS5                00005d00   00000020  00000000  00000020  RWIX
  CMPSS6                00005d20   00000020  00000000  00000020  RWIX
  CMPSS7                00005d40   00000020  00000000  00000020  RWIX
  CMPSS8                00005d60   00000020  00000000  00000020  RWIX
  SDFM1                 00005e00   00000080  00000000  00000080  RWIX
  SDFM2                 00005e80   00000080  00000000  00000080  RWIX
  MCBSPA                00006000   00000040  00000000  00000040  RWIX
  MCBSPB                00006040   00000040  00000000  00000040  RWIX
  SPIA                  00006100   00000010  00000000  00000010  RWIX
  SPIB                  00006110   00000010  00000000  00000010  RWIX
  SPIC                  00006120   00000010  00000000  00000010  RWIX
  SPID                  00006130   00000010  00000000  00000010  RWIX
  UPP                   00006200   00000100  00000000  00000100  RWIX
  WD                    00007000   00000040  00000000  00000040  RWIX
  NMIINTRUPT            00007060   00000010  00000000  00000010  RWIX
  XINT                  00007070   00000010  00000000  00000010  RWIX
  SCIA                  00007200   00000010  00000010  00000000  RWIX
  SCIB                  00007210   00000010  00000010  00000000  RWIX
  SCIC                  00007220   00000010  00000010  00000000  RWIX
  SCID                  00007230   00000010  00000010  00000000  RWIX
  I2CA                  00007300   00000040  00000000  00000040  RWIX
  I2CB                  00007340   00000040  00000000  00000040  RWIX
  ADCA                  00007400   00000080  00000080  00000000  RWIX
  ADCB                  00007480   00000080  00000080  00000000  RWIX
  ADCC                  00007500   00000080  00000080  00000000  RWIX
  ADCD                  00007580   00000080  00000080  00000000  RWIX
  INPUT_XBAR            00007900   00000020  00000020  00000000  RWIX
  XBAR                  00007920   00000020  00000000  00000020  RWIX
  SYNC_SOC              00007940   00000010  00000000  00000010  RWIX
  DMACLASRCSEL          00007980   00000040  00000000  00000040  RWIX
  EPWM_XBAR             00007a00   00000040  00000000  00000040  RWIX
  CLB_XBAR              00007a40   00000040  00000000  00000040  RWIX
  OUTPUT_XBAR           00007a80   00000040  00000000  00000040  RWIX
  GPIOCTRL              00007c00   00000180  00000180  00000000  RWIX
  GPIODAT               00007f00   00000030  00000030  00000000  RWIX
  RAMLS5                0000a800   00000800  000000f0  00000710  RWIX
  RAMLS5                0000a800   00000800  00000000  00000800  RWIX
  RAMD1                 0000b800   00000800  00000000  00000800  RWIX
  RAMD1                 0000b800   00000800  00000000  00000800  RWIX
  RAMGS0                0000c000   00001000  00000000  00001000  RWIX
  RAMGS0                0000c000   00001000  00000000  00001000  RWIX
  RAMGS1                0000d000   00001000  00000000  00001000  RWIX
  RAMGS1                0000d000   00001000  00000000  00001000  RWIX
  RAMGS2                0000e000   00001000  00000000  00001000  RWIX
  RAMGS2                0000e000   00001000  00000000  00001000  RWIX
  RAMGS3                0000f000   00001000  00000000  00001000  RWIX
  RAMGS3                0000f000   00001000  00000000  00001000  RWIX
  RAMGS4                00010000   00001000  00000000  00001000  RWIX
  RAMGS4                00010000   00001000  00000000  00001000  RWIX
  RAMGS5                00011000   00001000  00000000  00001000  RWIX
  RAMGS5                00011000   00001000  00000000  00001000  RWIX
  RAMGS6                00012000   00001000  00000000  00001000  RWIX
  RAMGS6                00012000   00001000  00000000  00001000  RWIX
  RAMGS7                00013000   00001000  00000000  00001000  RWIX
  RAMGS7                00013000   00001000  00000000  00001000  RWIX
  RAMGS8                00014000   00001000  00000000  00001000  RWIX
  RAMGS8                00014000   00001000  00000000  00001000  RWIX
  RAMGS9                00015000   00001000  00000000  00001000  RWIX
  RAMGS9                00015000   00001000  00000000  00001000  RWIX
  RAMGS10               00016000   00001000  00000000  00001000  RWIX
  RAMGS11               00017000   00001000  00000000  00001000  RWIX
  RAMGS12               00018000   00001000  00000000  00001000  RWIX
  RAMGS13               00019000   00001000  00000000  00001000  RWIX
  CPU2TOCPU1RAM         0003f800   00000400  00000000  00000400  RWIX
  CPU2TOCPU1RAM         0003f800   00000400  00000000  00000400  RWIX
  CPU1TOCPU2RAM         0003fc00   00000400  00000000  00000400  RWIX
  CPU1TOCPU2RAM         0003fc00   00000400  00000000  00000400  RWIX
  EMIF1                 00047000   00000800  00000000  00000800  RWIX
  EMIF2                 00047800   00000800  00000000  00000800  RWIX
  CANA                  00048000   00000800  00000000  00000800  RWIX
  CANA_MSG_RAM          00049000   00000800  00000000  00000800  RWIX
  CANB                  0004a000   00000800  00000000  00000800  RWIX
  CANB_MSG_RAM          0004b000   00000800  00000000  00000800  RWIX
  IPC                   00050000   00000024  00000000  00000024  RWIX
  FLASHPUMPSEMAPHORE    00050024   00000002  00000000  00000002  RWIX
  DEV_CFG               0005d000   00000180  0000012e  00000052  RWIX
  ANALOG_SUBSYS         0005d180   00000080  00000000  00000080  RWIX
  CLK_CFG               0005d200   00000100  00000032  000000ce  RWIX
  CPU_SYS               0005d300   00000100  00000082  0000007e  RWIX
  ROMPREFETCH           0005e608   00000002  00000000  00000002  RWIX
  DCSM_Z1               0005f000   00000030  00000000  00000030  RWIX
  DCSM_Z2               0005f040   00000030  00000000  00000030  RWIX
  DCSM_COMMON           0005f070   00000010  00000000  00000010  RWIX
  MEMCFG                0005f400   00000080  00000000  00000080  RWIX
  EMIF1CONFIG           0005f480   00000020  00000000  00000020  RWIX
  EMIF2CONFIG           0005f4a0   00000020  00000000  00000020  RWIX
  ACCESSPROTECTION      0005f4c0   00000040  00000000  00000040  RWIX
  MEMORYERROR           0005f500   00000040  00000000  00000040  RWIX
  ROMWAITSTATE          0005f540   00000002  00000000  00000002  RWIX
  FLASH0_CTRL           0005f800   00000300  00000000  00000300  RWIX
  FLASH0_ECC            0005fb00   00000040  00000000  00000040  RWIX


SECTION ALLOCATION MAP

 output                                  attributes/
section   page    origin      length       input sections
--------  ----  ----------  ----------   ----------------
.cinit     0    00000122    0000001a     
                  00000122    0000000e     rts2800_fpu32.lib : exit.c.obj (.cinit)
                  00000130    00000005                       : _lock.c.obj (.cinit:__lock)
                  00000135    00000005                       : _lock.c.obj (.cinit:__unlock)
                  0000013a    00000002     --HOLE-- [fill = 0]

.reset     0    003fffc0    00000002     DSECT
                  003fffc0    00000002     rts2800_fpu32.lib : boot28.asm.obj (.reset)

.stack     1    00000400    00000200     UNINITIALIZED
                  00000400    00000200     --HOLE--

.pinit     0    00000122    00000000     UNINITIALIZED

.ebss      1    0000a800    000000f0     UNINITIALIZED
                  0000a800    000000c8     BOARD2.obj (.ebss:_latchvalue)
                  0000a8c8    0000001e     BOARD2.obj (.ebss)
                  0000a8e6    00000006     rts2800_fpu32.lib : exit.c.obj (.ebss)
                  0000a8ec    00000002                       : _lock.c.obj (.ebss:__lock)
                  0000a8ee    00000002                       : _lock.c.obj (.ebss:__unlock)

GETBUFFER 
*          0    0003f800    00000000     DSECT

GETWRITEIDX 
*          0    0003f800    00000000     DSECT

PUTREADIDX 
*          0    0003f800    00000000     DSECT

.cinit     0    00082000    00000000     UNINITIALIZED

.pinit     0    00082000    00000000     UNINITIALIZED

.TI.ramfunc 
*          0    00008000    00000000     UNINITIALIZED

.reset     0    003fffc0    00000000     DSECT

GETBUFFER 
*          0    0003f800    00000000     DSECT

GETWRITEIDX 
*          0    0003f800    00000000     DSECT

PUTREADIDX 
*          0    0003f800    00000000     DSECT

.TI.memcrc 
*          0    00000000    00000066     COPY SECTION
                  00000000    00000066     (.TI.memcrc:_ccs_flash_checksum)

AdcaResultFile 
*          1    00000b00    00000018     UNINITIALIZED
                  00000b00    00000018     F2837xD_GlobalVariableDefs.obj (AdcaResultFile)

AdcbResultFile 
*          1    00000b20    00000018     UNINITIALIZED
                  00000b20    00000018     F2837xD_GlobalVariableDefs.obj (AdcbResultFile)

AdccResultFile 
*          1    00000b40    00000018     UNINITIALIZED
                  00000b40    00000018     F2837xD_GlobalVariableDefs.obj (AdccResultFile)

AdcdResultFile 
*          1    00000b60    00000018     UNINITIALIZED
                  00000b60    00000018     F2837xD_GlobalVariableDefs.obj (AdcdResultFile)

PieVectTableFile 
*          1    00000d00    000001c0     UNINITIALIZED
                  00000d00    000001c0     F2837xD_GlobalVariableDefs.obj (PieVectTableFile)

EmuBModeVar 
*          1    00000d00    00000000     UNINITIALIZED

EmuBootPinsVar 
*          1    00000d00    00000000     UNINITIALIZED

AdcaRegsFile 
*          1    00007400    00000080     UNINITIALIZED
                  00007400    00000080     F2837xD_GlobalVariableDefs.obj (AdcaRegsFile)

AdcbRegsFile 
*          1    00007480    00000080     UNINITIALIZED
                  00007480    00000080     F2837xD_GlobalVariableDefs.obj (AdcbRegsFile)

AdccRegsFile 
*          1    00007500    00000080     UNINITIALIZED
                  00007500    00000080     F2837xD_GlobalVariableDefs.obj (AdccRegsFile)

AdcdRegsFile 
*          1    00007580    00000080     UNINITIALIZED
                  00007580    00000080     F2837xD_GlobalVariableDefs.obj (AdcdRegsFile)

Cla1SoftIntRegsFile 
*          1    00000ce0    00000000     DSECT

CpuTimer0RegsFile 
*          1    00000c00    00000008     UNINITIALIZED
                  00000c00    00000008     F2837xD_GlobalVariableDefs.obj (CpuTimer0RegsFile)

ECap1RegsFile 
*          1    00005000    00000020     UNINITIALIZED
                  00005000    00000020     F2837xD_GlobalVariableDefs.obj (ECap1RegsFile)

EPwm1RegsFile 
*          1    00004000    00000100     UNINITIALIZED
                  00004000    00000100     F2837xD_GlobalVariableDefs.obj (EPwm1RegsFile)

EPwm2RegsFile 
*          1    00004100    00000100     UNINITIALIZED
                  00004100    00000100     F2837xD_GlobalVariableDefs.obj (EPwm2RegsFile)

EPwm3RegsFile 
*          1    00004200    00000100     UNINITIALIZED
                  00004200    00000100     F2837xD_GlobalVariableDefs.obj (EPwm3RegsFile)

EPwm4RegsFile 
*          1    00004300    00000100     UNINITIALIZED
                  00004300    00000100     F2837xD_GlobalVariableDefs.obj (EPwm4RegsFile)

EPwm5RegsFile 
*          1    00004400    00000100     UNINITIALIZED
                  00004400    00000100     F2837xD_GlobalVariableDefs.obj (EPwm5RegsFile)

EPwm6RegsFile 
*          1    00004500    00000100     UNINITIALIZED
                  00004500    00000100     F2837xD_GlobalVariableDefs.obj (EPwm6RegsFile)

EPwm7RegsFile 
*          1    00004600    00000100     UNINITIALIZED
                  00004600    00000100     F2837xD_GlobalVariableDefs.obj (EPwm7RegsFile)

EPwm8RegsFile 
*          1    00004700    00000100     UNINITIALIZED
                  00004700    00000100     F2837xD_GlobalVariableDefs.obj (EPwm8RegsFile)

EPwm9RegsFile 
*          1    00004800    00000100     UNINITIALIZED
                  00004800    00000100     F2837xD_GlobalVariableDefs.obj (EPwm9RegsFile)

EPwm10RegsFile 
*          1    00004900    00000100     UNINITIALIZED
                  00004900    00000100     F2837xD_GlobalVariableDefs.obj (EPwm10RegsFile)

EPwm11RegsFile 
*          1    00004a00    00000100     UNINITIALIZED
                  00004a00    00000100     F2837xD_GlobalVariableDefs.obj (EPwm11RegsFile)

EQep1RegsFile 
*          1    00005100    00000022     UNINITIALIZED
                  00005100    00000022     F2837xD_GlobalVariableDefs.obj (EQep1RegsFile)

EQep3RegsFile 
*          1    00005180    00000022     UNINITIALIZED
                  00005180    00000022     F2837xD_GlobalVariableDefs.obj (EQep3RegsFile)

GpioCtrlRegsFile 
*          1    00007c00    00000180     UNINITIALIZED
                  00007c00    00000180     F2837xD_GlobalVariableDefs.obj (GpioCtrlRegsFile)

GpioDataRegsFile 
*          1    00007f00    00000030     UNINITIALIZED
                  00007f00    00000030     F2837xD_GlobalVariableDefs.obj (GpioDataRegsFile)

InputXbarRegsFile 
*          1    00007900    00000020     UNINITIALIZED
                  00007900    00000020     F2837xD_GlobalVariableDefs.obj (InputXbarRegsFile)

PieCtrlRegsFile 
*          1    00000ce0    0000001a     UNINITIALIZED
                  00000ce0    0000001a     F2837xD_GlobalVariableDefs.obj (PieCtrlRegsFile)

SciaRegsFile 
*          1    00007200    00000010     UNINITIALIZED
                  00007200    00000010     F2837xD_GlobalVariableDefs.obj (SciaRegsFile)

ScibRegsFile 
*          1    00007210    00000010     UNINITIALIZED
                  00007210    00000010     F2837xD_GlobalVariableDefs.obj (ScibRegsFile)

ScicRegsFile 
*          1    00007220    00000010     UNINITIALIZED
                  00007220    00000010     F2837xD_GlobalVariableDefs.obj (ScicRegsFile)

ScidRegsFile 
*          1    00007230    00000010     UNINITIALIZED
                  00007230    00000010     F2837xD_GlobalVariableDefs.obj (ScidRegsFile)

DevCfgRegsFile 
*          1    0005d000    0000012e     UNINITIALIZED
                  0005d000    0000012e     F2837xD_GlobalVariableDefs.obj (DevCfgRegsFile)

ClkCfgRegsFile 
*          1    0005d200    00000032     UNINITIALIZED
                  0005d200    00000032     F2837xD_GlobalVariableDefs.obj (ClkCfgRegsFile)

CpuSysRegsFile 
*          1    0005d300    00000082     UNINITIALIZED
                  0005d300    00000082     F2837xD_GlobalVariableDefs.obj (CpuSysRegsFile)

.text      0    0000b000    0000071b     
                  0000b000    000003fa     BOARD2.obj (.text)
                  0000b3fa    00000191     BOARD2.obj (.text:retain)
                  0000b58b    00000088     rts2800_fpu32.lib : fs_div28.asm.obj (.text)
                  0000b613    00000056                       : boot28.asm.obj (.text)
                  0000b669    0000002a                       : l_div28.asm.obj (.text)
                  0000b693    00000029                       : exit.c.obj (.text)
                  0000b6bc    00000024                       : cpy_tbl.c.obj (.text)
                  0000b6e0    0000001d                       : memcpy.c.obj (.text)
                  0000b6fd    00000012                       : args_main.c.obj (.text)
                  0000b70f    00000009                       : _lock.c.obj (.text)
                  0000b718    00000002                       : pre_init.c.obj (.text)
                  0000b71a    00000001                       : startup.c.obj (.text)

MODULE SUMMARY

       Module                           code   initialized data   uninitialized data
       ------                           ----   ----------------   ------------------
    .\
       F2837xD_GlobalVariableDefs.obj   0      0                  5016              
       BOARD2.obj                       1419   0                  230               
    +--+--------------------------------+------+------------------+--------------------+
       Total:                           1419   0                  5246              
                                                                                    
    C:\ti\ccs1260\ccs\tools\compiler\ti-cgt-c2000_22.6.1.LTS\lib\rts2800_fpu32.lib
       fs_div28.asm.obj                 136    0                  0                 
       boot28.asm.obj                   86     0                  0                 
       exit.c.obj                       41     14                 6                 
       l_div28.asm.obj                  42     0                  0                 
       cpy_tbl.c.obj                    36     0                  0                 
       memcpy.c.obj                     29     0                  0                 
       _lock.c.obj                      9      10                 4                 
       args_main.c.obj                  18     0                  0                 
       pre_init.c.obj                   2      0                  0                 
       startup.c.obj                    1      0                  0                 
    +--+--------------------------------+------+------------------+--------------------+
       Total:                           400    24                 10                
                                                                                    
       Stack:                           0      0                  512               
    +--+--------------------------------+------+------------------+--------------------+
       Grand Total:                     1819   24                 5768              


LINKER GENERATED MEMRANGE CRC TABLES

_ccs_flash_checksum @ 00000000 records: 16, size/record: 6, table size: 102, algorithm=C28_CHECKSUM_16(ID=13), CRC: 00000000
	BEGIN: page=0, load addr=00080000, size=00000002
	FLASHA: page=0, load addr=00080002, size=00001ffe
	FLASHB: page=0, load addr=00082000, size=00002000
	FLASHC: page=0, load addr=00084000, size=00002000
	FLASHD: page=0, load addr=00086000, size=00002000
	FLASHE: page=0, load addr=00088000, size=00008000
	FLASHF: page=0, load addr=00090000, size=00008000
	FLASHG: page=0, load addr=00098000, size=00008000
	FLASHH: page=0, load addr=000a0000, size=00008000
	FLASHI: page=0, load addr=000a8000, size=00008000
	FLASHJ: page=0, load addr=000b0000, size=00008000
	FLASHK: page=0, load addr=000b8000, size=00002000
	FLASHL: page=0, load addr=000ba000, size=00002000
	FLASHM: page=0, load addr=000bc000, size=00002000
	FLASHN: page=0, load addr=000be000, size=00001ff0
	FLASHN_DO_NOT_USE: page=0, load addr=000bfff0, size=00000010


GLOBAL DATA SYMBOLS: SORTED BY DATA PAGE

address     data page           name
--------    ----------------    ----
00000400      10 (00000400)     __stack

00000b00      2c (00000b00)     _AdcaResultRegs
00000b20      2c (00000b00)     _AdcbResultRegs

00000b40      2d (00000b40)     _AdccResultRegs
00000b60      2d (00000b40)     _AdcdResultRegs

00000c00      30 (00000c00)     _CpuTimer0Regs

00000ce0      33 (00000cc0)     _PieCtrlRegs

00000d00      34 (00000d00)     _PieVectTable

00004000     100 (00004000)     _EPwm1Regs

00004100     104 (00004100)     _EPwm2Regs

00004200     108 (00004200)     _EPwm3Regs

00004300     10c (00004300)     _EPwm4Regs

00004400     110 (00004400)     _EPwm5Regs

00004500     114 (00004500)     _EPwm6Regs

00004600     118 (00004600)     _EPwm7Regs

00004700     11c (00004700)     _EPwm8Regs

00004800     120 (00004800)     _EPwm9Regs

00004900     124 (00004900)     _EPwm10Regs

00004a00     128 (00004a00)     _EPwm11Regs

00005000     140 (00005000)     _ECap1Regs

00005100     144 (00005100)     _EQep1Regs

00005180     146 (00005180)     _EQep3Regs

00007200     1c8 (00007200)     _SciaRegs
00007210     1c8 (00007200)     _ScibRegs
00007220     1c8 (00007200)     _ScicRegs
00007230     1c8 (00007200)     _ScidRegs

00007400     1d0 (00007400)     _AdcaRegs

00007480     1d2 (00007480)     _AdcbRegs

00007500     1d4 (00007500)     _AdccRegs

00007580     1d6 (00007580)     _AdcdRegs

00007900     1e4 (00007900)     _InputXbarRegs

00007c00     1f0 (00007c00)     _GpioCtrlRegs

00007f00     1fc (00007f00)     _GpioDataRegs

0000a800     2a0 (0000a800)     _latchvalue

0000a8c8     2a3 (0000a8c0)     _i
0000a8ca     2a3 (0000a8c0)     _Pre_Value
0000a8cc     2a3 (0000a8c0)     _Curr_Value
0000a8ce     2a3 (0000a8c0)     _Timer_Value
0000a8d0     2a3 (0000a8c0)     _Period_I
0000a8d2     2a3 (0000a8c0)     _Period_A
0000a8d4     2a3 (0000a8c0)     _Period_B
0000a8d6     2a3 (0000a8c0)     _Phase_B
0000a8d8     2a3 (0000a8c0)     _H1
0000a8da     2a3 (0000a8c0)     _H2
0000a8dc     2a3 (0000a8c0)     _H3
0000a8de     2a3 (0000a8c0)     _pos
0000a8e0     2a3 (0000a8c0)     _fre
0000a8e2     2a3 (0000a8c0)     _fr
0000a8e4     2a3 (0000a8c0)     _Timer_Period
0000a8e6     2a3 (0000a8c0)     ___TI_enable_exit_profile_output
0000a8e8     2a3 (0000a8c0)     ___TI_cleanup_ptr
0000a8ea     2a3 (0000a8c0)     ___TI_dtors_ptr
0000a8ec     2a3 (0000a8c0)     __lock
0000a8ee     2a3 (0000a8c0)     __unlock

0005d000    1740 (0005d000)     _DevCfgRegs

0005d200    1748 (0005d200)     _ClkCfgRegs

0005d300    174c (0005d300)     _CpuSysRegs


GLOBAL SYMBOLS: SORTED ALPHABETICALLY BY Name 

page  address   name                                 
----  -------   ----                                 
abs   ffffffff  .text                                
0     0000b693  C$$EXIT                              
0     0000b58b  FS$$DIV                              
0     0000b669  L$$DIV                               
0     0000b678  L$$MOD                               
0     0000b686  UL$$DIV                              
0     0000b68d  UL$$MOD                              
1     00007400  _AdcaRegs                            
1     00000b00  _AdcaResultRegs                      
1     00007480  _AdcbRegs                            
1     00000b20  _AdcbResultRegs                      
1     00007500  _AdccRegs                            
1     00000b40  _AdccResultRegs                      
1     00007580  _AdcdRegs                            
1     00000b60  _AdcdResultRegs                      
0     0000b3f9  _BLDCMOTOR                           
1     0005d200  _ClkCfgRegs                          
1     0005d300  _CpuSysRegs                          
1     00000c00  _CpuTimer0Regs                       
1     0000a8cc  _Curr_Value                          
1     0005d000  _DevCfgRegs                          
1     00005000  _ECap1Regs                           
1     00004900  _EPwm10Regs                          
1     00004a00  _EPwm11Regs                          
1     00004000  _EPwm1Regs                           
1     00004100  _EPwm2Regs                           
1     00004200  _EPwm3Regs                           
1     00004300  _EPwm4Regs                           
1     00004400  _EPwm5Regs                           
1     00004500  _EPwm6Regs                           
1     00004600  _EPwm7Regs                           
1     00004700  _EPwm8Regs                           
1     00004800  _EPwm9Regs                           
1     00005100  _EQep1Regs                           
1     00005180  _EQep3Regs                           
1     00007c00  _GpioCtrlRegs                        
1     00007f00  _GpioDataRegs                        
1     0000a8d8  _H1                                  
1     0000a8da  _H2                                  
1     0000a8dc  _H3                                  
0     0000b076  _InitTimer0                          
1     00007900  _InputXbarRegs                       
0     0000b24b  _PWM5                                
0     0000b28e  _PWM6                                
1     0000a8d2  _Period_A                            
1     0000a8d4  _Period_B                            
1     0000a8d0  _Period_I                            
1     0000a8d6  _Phase_B                             
1     00000ce0  _PieCtrlRegs                         
1     00000d00  _PieVectTable                        
1     0000a8ca  _Pre_Value                           
0     0000b38b  _QEPInit                             
0     00008000  _RamfuncsLoadEnd                     
abs   00000000  _RamfuncsLoadSize                    
0     00008000  _RamfuncsLoadStart                   
0     00008000  _RamfuncsRunEnd                      
abs   00000000  _RamfuncsRunSize                     
0     00008000  _RamfuncsRunStart                    
1     00007200  _SciaRegs                            
1     00007210  _ScibRegs                            
1     00007220  _ScicRegs                            
1     00007230  _ScidRegs                            
0     0000b11c  _SysControl                          
0     0000b3fa  _Timer0ISR                           
1     0000a8e4  _Timer_Period                        
1     0000a8ce  _Timer_Value                         
0     0000b48d  _UTOISR                              
1     00000600  __STACK_END                          
abs   00000200  __STACK_SIZE                         
0     00000000  __TI_MEMRANGE_CRC__ccs_flash_checksum
1     0000a8e8  ___TI_cleanup_ptr                    
1     0000a8ea  ___TI_dtors_ptr                      
1     0000a8e6  ___TI_enable_exit_profile_output     
abs   ffffffff  ___TI_pprof_out_hndl                 
abs   ffffffff  ___TI_prof_data_size                 
abs   ffffffff  ___TI_prof_data_start                
abs   ffffffff  ___binit__                           
abs   ffffffff  ___c_args__                          
0     00000122  ___cinit__                           
abs   ffffffff  ___etext__                           
abs   ffffffff  ___pinit__                           
abs   ffffffff  ___text__                            
0     0000b6fd  __args_main                          
1     0000a8ec  __lock                               
0     0000b717  __nop                                
0     0000b713  __register_lock                      
0     0000b70f  __register_unlock                    
1     00000400  __stack                              
0     0000b71a  __system_post_cinit                  
0     0000b718  __system_pre_init                    
1     0000a8ee  __unlock                             
0     0000b693  _abort                               
0     0000b613  _c_int00                             
0     00000000  _ccs_flash_checksum                  
0     0000b6bc  _copy_in                             
0     0000b2d1  _equal                               
0     0000b695  _exit                                
1     0000a8e2  _fr                                  
1     0000a8e0  _fre                                 
0     0000b091  _gpioInit                            
1     0000a8c8  _i                                   
1     0000a800  _latchvalue                          
0     0000b000  _main                                
0     0000b6e0  _memcpy                              
1     0000a8de  _pos                                 
0     0000b322  _pwgen                               
0     0000b158  _pwm1                                
0     0000b40f  _pwm1ISR                             
0     0000b192  _pwm2                                
0     0000b424  _pwm2ISR                             
0     0000b1d3  _pwm3                                
0     0000b439  _pwm3ISR                             
0     0000b20f  _pwm4                                
0     0000b44e  _pwm4ISR                             
0     0000b463  _pwm5ISR                             
0     0000b478  _pwm6ISR                             
abs   ffffffff  binit                                
0     00000122  cinit                                
abs   ffffffff  etext                                
abs   ffffffff  pinit                                


GLOBAL SYMBOLS: SORTED BY Symbol Address 

page  address   name                                 
----  -------   ----                                 
0     00000000  __TI_MEMRANGE_CRC__ccs_flash_checksum
0     00000000  _ccs_flash_checksum                  
0     00000122  ___cinit__                           
0     00000122  cinit                                
0     00008000  _RamfuncsLoadEnd                     
0     00008000  _RamfuncsLoadStart                   
0     00008000  _RamfuncsRunEnd                      
0     00008000  _RamfuncsRunStart                    
0     0000b000  _main                                
0     0000b076  _InitTimer0                          
0     0000b091  _gpioInit                            
0     0000b11c  _SysControl                          
0     0000b158  _pwm1                                
0     0000b192  _pwm2                                
0     0000b1d3  _pwm3                                
0     0000b20f  _pwm4                                
0     0000b24b  _PWM5                                
0     0000b28e  _PWM6                                
0     0000b2d1  _equal                               
0     0000b322  _pwgen                               
0     0000b38b  _QEPInit                             
0     0000b3f9  _BLDCMOTOR                           
0     0000b3fa  _Timer0ISR                           
0     0000b40f  _pwm1ISR                             
0     0000b424  _pwm2ISR                             
0     0000b439  _pwm3ISR                             
0     0000b44e  _pwm4ISR                             
0     0000b463  _pwm5ISR                             
0     0000b478  _pwm6ISR                             
0     0000b48d  _UTOISR                              
0     0000b58b  FS$$DIV                              
0     0000b613  _c_int00                             
0     0000b669  L$$DIV                               
0     0000b678  L$$MOD                               
0     0000b686  UL$$DIV                              
0     0000b68d  UL$$MOD                              
0     0000b693  C$$EXIT                              
0     0000b693  _abort                               
0     0000b695  _exit                                
0     0000b6bc  _copy_in                             
0     0000b6e0  _memcpy                              
0     0000b6fd  __args_main                          
0     0000b70f  __register_unlock                    
0     0000b713  __register_lock                      
0     0000b717  __nop                                
0     0000b718  __system_pre_init                    
0     0000b71a  __system_post_cinit                  
1     00000400  __stack                              
1     00000600  __STACK_END                          
1     00000b00  _AdcaResultRegs                      
1     00000b20  _AdcbResultRegs                      
1     00000b40  _AdccResultRegs                      
1     00000b60  _AdcdResultRegs                      
1     00000c00  _CpuTimer0Regs                       
1     00000ce0  _PieCtrlRegs                         
1     00000d00  _PieVectTable                        
1     00004000  _EPwm1Regs                           
1     00004100  _EPwm2Regs                           
1     00004200  _EPwm3Regs                           
1     00004300  _EPwm4Regs                           
1     00004400  _EPwm5Regs                           
1     00004500  _EPwm6Regs                           
1     00004600  _EPwm7Regs                           
1     00004700  _EPwm8Regs                           
1     00004800  _EPwm9Regs                           
1     00004900  _EPwm10Regs                          
1     00004a00  _EPwm11Regs                          
1     00005000  _ECap1Regs                           
1     00005100  _EQep1Regs                           
1     00005180  _EQep3Regs                           
1     00007200  _SciaRegs                            
1     00007210  _ScibRegs                            
1     00007220  _ScicRegs                            
1     00007230  _ScidRegs                            
1     00007400  _AdcaRegs                            
1     00007480  _AdcbRegs                            
1     00007500  _AdccRegs                            
1     00007580  _AdcdRegs                            
1     00007900  _InputXbarRegs                       
1     00007c00  _GpioCtrlRegs                        
1     00007f00  _GpioDataRegs                        
1     0000a800  _latchvalue                          
1     0000a8c8  _i                                   
1     0000a8ca  _Pre_Value                           
1     0000a8cc  _Curr_Value                          
1     0000a8ce  _Timer_Value                         
1     0000a8d0  _Period_I                            
1     0000a8d2  _Period_A                            
1     0000a8d4  _Period_B                            
1     0000a8d6  _Phase_B                             
1     0000a8d8  _H1                                  
1     0000a8da  _H2                                  
1     0000a8dc  _H3                                  
1     0000a8de  _pos                                 
1     0000a8e0  _fre                                 
1     0000a8e2  _fr                                  
1     0000a8e4  _Timer_Period                        
1     0000a8e6  ___TI_enable_exit_profile_output     
1     0000a8e8  ___TI_cleanup_ptr                    
1     0000a8ea  ___TI_dtors_ptr                      
1     0000a8ec  __lock                               
1     0000a8ee  __unlock                             
1     0005d000  _DevCfgRegs                          
1     0005d200  _ClkCfgRegs                          
1     0005d300  _CpuSysRegs                          
abs   00000000  _RamfuncsLoadSize                    
abs   00000000  _RamfuncsRunSize                     
abs   00000200  __STACK_SIZE                         
abs   ffffffff  .text                                
abs   ffffffff  ___TI_pprof_out_hndl                 
abs   ffffffff  ___TI_prof_data_size                 
abs   ffffffff  ___TI_prof_data_start                
abs   ffffffff  ___binit__                           
abs   ffffffff  ___c_args__                          
abs   ffffffff  ___etext__                           
abs   ffffffff  ___pinit__                           
abs   ffffffff  ___text__                            
abs   ffffffff  binit                                
abs   ffffffff  etext                                
abs   ffffffff  pinit                                

[120 symbols]
