<?xml version="1.0" encoding="ISO-8859-1" ?>
<link_info>
   <banner>TMS320C2000 Linker PC v22.6.1.LTS</banner>
   <copyright>Copyright (c) 1996-2018 Texas Instruments Incorporated</copyright>
   <link_time>0x6730b847</link_time>
   <link_errors>0x35</link_errors>
   <output_file>BOARD2.out</output_file>
   <entry_point>
      <name>_c_int00</name>
      <address>0xb613</address>
   </entry_point>
   <input_file_list>
      <input_file id="fl-2">
         <path>.\</path>
         <kind>object</kind>
         <file>BOARD2.obj</file>
         <name>BOARD2.obj</name>
      </input_file>
      <input_file id="fl-3">
         <path>.\</path>
         <kind>object</kind>
         <file>F2837xD_GlobalVariableDefs.obj</file>
         <name>F2837xD_GlobalVariableDefs.obj</name>
      </input_file>
      <input_file id="fl-9">
         <kind>object</kind>
         <file>&lt;internal&gt;</file>
         <name>&lt;internal&gt;</name>
      </input_file>
      <input_file id="fl-15">
         <path>C:\ti\ccs1260\ccs\tools\compiler\ti-cgt-c2000_22.6.1.LTS\lib\</path>
         <kind>archive</kind>
         <file>rts2800_fpu32.lib</file>
         <name>boot28.asm.obj</name>
      </input_file>
      <input_file id="fl-16">
         <path>C:\ti\ccs1260\ccs\tools\compiler\ti-cgt-c2000_22.6.1.LTS\lib\</path>
         <kind>archive</kind>
         <file>rts2800_fpu32.lib</file>
         <name>fs_div28.asm.obj</name>
      </input_file>
      <input_file id="fl-17">
         <path>C:\ti\ccs1260\ccs\tools\compiler\ti-cgt-c2000_22.6.1.LTS\lib\</path>
         <kind>archive</kind>
         <file>rts2800_fpu32.lib</file>
         <name>l_div28.asm.obj</name>
      </input_file>
      <input_file id="fl-18">
         <path>C:\ti\ccs1260\ccs\tools\compiler\ti-cgt-c2000_22.6.1.LTS\lib\</path>
         <kind>archive</kind>
         <file>rts2800_fpu32.lib</file>
         <name>cpy_tbl.c.obj</name>
      </input_file>
      <input_file id="fl-19">
         <path>C:\ti\ccs1260\ccs\tools\compiler\ti-cgt-c2000_22.6.1.LTS\lib\</path>
         <kind>archive</kind>
         <file>rts2800_fpu32.lib</file>
         <name>memcpy.c.obj</name>
      </input_file>
      <input_file id="fl-1a">
         <path>C:\ti\ccs1260\ccs\tools\compiler\ti-cgt-c2000_22.6.1.LTS\lib\</path>
         <kind>archive</kind>
         <file>rts2800_fpu32.lib</file>
         <name>pre_init.c.obj</name>
      </input_file>
      <input_file id="fl-1b">
         <path>C:\ti\ccs1260\ccs\tools\compiler\ti-cgt-c2000_22.6.1.LTS\lib\</path>
         <kind>archive</kind>
         <file>rts2800_fpu32.lib</file>
         <name>startup.c.obj</name>
      </input_file>
      <input_file id="fl-1c">
         <path>C:\ti\ccs1260\ccs\tools\compiler\ti-cgt-c2000_22.6.1.LTS\lib\</path>
         <kind>archive</kind>
         <file>rts2800_fpu32.lib</file>
         <name>exit.c.obj</name>
      </input_file>
      <input_file id="fl-1d">
         <path>C:\ti\ccs1260\ccs\tools\compiler\ti-cgt-c2000_22.6.1.LTS\lib\</path>
         <kind>archive</kind>
         <file>rts2800_fpu32.lib</file>
         <name>_lock.c.obj</name>
      </input_file>
      <input_file id="fl-1e">
         <path>C:\ti\ccs1260\ccs\tools\compiler\ti-cgt-c2000_22.6.1.LTS\lib\</path>
         <kind>archive</kind>
         <file>rts2800_fpu32.lib</file>
         <name>args_main.c.obj</name>
      </input_file>
   </input_file_list>
   <object_component_list>
      <object_component id="oc-108">
         <name>.text</name>
         <load_address>0xb000</load_address>
         <run_address>0xb000</run_address>
         <size>0x3fa</size>
         <input_file_ref idref="fl-2"/>
      </object_component>
      <object_component id="oc-a2">
         <name>.text:retain</name>
         <load_address>0xb3fa</load_address>
         <run_address>0xb3fa</run_address>
         <size>0x191</size>
         <input_file_ref idref="fl-2"/>
      </object_component>
      <object_component id="oc-d2">
         <name>.text</name>
         <load_address>0xb58b</load_address>
         <run_address>0xb58b</run_address>
         <size>0x88</size>
         <input_file_ref idref="fl-16"/>
      </object_component>
      <object_component id="oc-9f">
         <name>.text</name>
         <load_address>0xb613</load_address>
         <run_address>0xb613</run_address>
         <size>0x56</size>
         <input_file_ref idref="fl-15"/>
      </object_component>
      <object_component id="oc-d7">
         <name>.text</name>
         <load_address>0xb669</load_address>
         <run_address>0xb669</run_address>
         <size>0x2a</size>
         <input_file_ref idref="fl-17"/>
      </object_component>
      <object_component id="oc-105">
         <name>.text</name>
         <load_address>0xb693</load_address>
         <run_address>0xb693</run_address>
         <size>0x29</size>
         <input_file_ref idref="fl-1c"/>
      </object_component>
      <object_component id="oc-102">
         <name>.text</name>
         <load_address>0xb6bc</load_address>
         <run_address>0xb6bc</run_address>
         <size>0x24</size>
         <input_file_ref idref="fl-18"/>
      </object_component>
      <object_component id="oc-107">
         <name>.text</name>
         <load_address>0xb6e0</load_address>
         <run_address>0xb6e0</run_address>
         <size>0x1d</size>
         <input_file_ref idref="fl-19"/>
      </object_component>
      <object_component id="oc-104">
         <name>.text</name>
         <load_address>0xb6fd</load_address>
         <run_address>0xb6fd</run_address>
         <size>0x12</size>
         <input_file_ref idref="fl-1e"/>
      </object_component>
      <object_component id="oc-10b">
         <name>.text</name>
         <load_address>0xb70f</load_address>
         <run_address>0xb70f</run_address>
         <size>0x9</size>
         <input_file_ref idref="fl-1d"/>
      </object_component>
      <object_component id="oc-101">
         <name>.text</name>
         <load_address>0xb718</load_address>
         <run_address>0xb718</run_address>
         <size>0x2</size>
         <input_file_ref idref="fl-1a"/>
      </object_component>
      <object_component id="oc-103">
         <name>.text</name>
         <load_address>0xb71a</load_address>
         <run_address>0xb71a</run_address>
         <size>0x1</size>
         <input_file_ref idref="fl-1b"/>
      </object_component>
      <object_component id="oc-f1">
         <name>.cinit</name>
         <load_address>0x122</load_address>
         <run_address>0x122</run_address>
         <size>0xe</size>
         <input_file_ref idref="fl-1c"/>
      </object_component>
      <object_component id="oc-10a">
         <name>.cinit:__lock</name>
         <load_address>0x130</load_address>
         <run_address>0x130</run_address>
         <size>0x5</size>
         <input_file_ref idref="fl-1d"/>
      </object_component>
      <object_component id="oc-10c">
         <name>.cinit:__unlock</name>
         <load_address>0x135</load_address>
         <run_address>0x135</run_address>
         <size>0x5</size>
         <input_file_ref idref="fl-1d"/>
      </object_component>
      <object_component id="oc-cd">
         <name>.reset</name>
         <load_address>0x3fffc0</load_address>
         <run_address>0x3fffc0</run_address>
         <size>0x2</size>
         <input_file_ref idref="fl-15"/>
      </object_component>
      <object_component id="oc-cc">
         <name>.stack</name>
         <uninitialized>true</uninitialized>
         <run_address>0x400</run_address>
         <size>0x0</size>
         <input_file_ref idref="fl-15"/>
      </object_component>
      <object_component id="oc-1b1">
         <name>.stack</name>
         <uninitialized>true</uninitialized>
         <run_address>0x400</run_address>
         <size>0x0</size>
      </object_component>
      <object_component id="oc-a1">
         <name>.ebss</name>
         <uninitialized>true</uninitialized>
         <run_address>0xa8c8</run_address>
         <size>0x1e</size>
         <input_file_ref idref="fl-2"/>
      </object_component>
      <object_component id="oc-106">
         <name>.ebss:_latchvalue</name>
         <uninitialized>true</uninitialized>
         <run_address>0xa800</run_address>
         <size>0xc8</size>
         <input_file_ref idref="fl-2"/>
      </object_component>
      <object_component id="oc-f2">
         <name>.ebss</name>
         <uninitialized>true</uninitialized>
         <run_address>0xa8e6</run_address>
         <size>0x6</size>
         <input_file_ref idref="fl-1c"/>
      </object_component>
      <object_component id="oc-109">
         <name>.ebss:__lock</name>
         <uninitialized>true</uninitialized>
         <run_address>0xa8ec</run_address>
         <size>0x2</size>
         <input_file_ref idref="fl-1d"/>
      </object_component>
      <object_component id="oc-10d">
         <name>.ebss:__unlock</name>
         <uninitialized>true</uninitialized>
         <run_address>0xa8ee</run_address>
         <size>0x2</size>
         <input_file_ref idref="fl-1d"/>
      </object_component>
      <object_component id="oc-10e">
         <name>.TI.memcrc:_ccs_flash_checksum</name>
         <load_address>0x0</load_address>
         <run_address>0x0</run_address>
         <size>0x66</size>
      </object_component>
      <object_component id="oc-ca">
         <name>PieVectTableFile</name>
         <uninitialized>true</uninitialized>
         <run_address>0xd00</run_address>
         <size>0x1c0</size>
         <input_file_ref idref="fl-3"/>
      </object_component>
      <object_component id="oc-ad">
         <name>AdcaResultFile</name>
         <uninitialized>true</uninitialized>
         <run_address>0xb00</run_address>
         <size>0x18</size>
         <input_file_ref idref="fl-3"/>
      </object_component>
      <object_component id="oc-ae">
         <name>AdcbResultFile</name>
         <uninitialized>true</uninitialized>
         <run_address>0xb20</run_address>
         <size>0x18</size>
         <input_file_ref idref="fl-3"/>
      </object_component>
      <object_component id="oc-af">
         <name>AdccResultFile</name>
         <uninitialized>true</uninitialized>
         <run_address>0xb40</run_address>
         <size>0x18</size>
         <input_file_ref idref="fl-3"/>
      </object_component>
      <object_component id="oc-b0">
         <name>AdcdResultFile</name>
         <uninitialized>true</uninitialized>
         <run_address>0xb60</run_address>
         <size>0x18</size>
         <input_file_ref idref="fl-3"/>
      </object_component>
      <object_component id="oc-b8">
         <name>AdcaRegsFile</name>
         <uninitialized>true</uninitialized>
         <run_address>0x7400</run_address>
         <size>0x80</size>
         <input_file_ref idref="fl-3"/>
      </object_component>
      <object_component id="oc-b9">
         <name>AdcbRegsFile</name>
         <uninitialized>true</uninitialized>
         <run_address>0x7480</run_address>
         <size>0x80</size>
         <input_file_ref idref="fl-3"/>
      </object_component>
      <object_component id="oc-ba">
         <name>AdccRegsFile</name>
         <uninitialized>true</uninitialized>
         <run_address>0x7500</run_address>
         <size>0x80</size>
         <input_file_ref idref="fl-3"/>
      </object_component>
      <object_component id="oc-bb">
         <name>AdcdRegsFile</name>
         <uninitialized>true</uninitialized>
         <run_address>0x7580</run_address>
         <size>0x80</size>
         <input_file_ref idref="fl-3"/>
      </object_component>
      <object_component id="oc-a8">
         <name>CpuTimer0RegsFile</name>
         <uninitialized>true</uninitialized>
         <run_address>0xc00</run_address>
         <size>0x8</size>
         <input_file_ref idref="fl-3"/>
      </object_component>
      <object_component id="oc-b3">
         <name>ECap1RegsFile</name>
         <uninitialized>true</uninitialized>
         <run_address>0x5000</run_address>
         <size>0x20</size>
         <input_file_ref idref="fl-3"/>
      </object_component>
      <object_component id="oc-bd">
         <name>EPwm1RegsFile</name>
         <uninitialized>true</uninitialized>
         <run_address>0x4000</run_address>
         <size>0x100</size>
         <input_file_ref idref="fl-3"/>
      </object_component>
      <object_component id="oc-be">
         <name>EPwm2RegsFile</name>
         <uninitialized>true</uninitialized>
         <run_address>0x4100</run_address>
         <size>0x100</size>
         <input_file_ref idref="fl-3"/>
      </object_component>
      <object_component id="oc-bf">
         <name>EPwm3RegsFile</name>
         <uninitialized>true</uninitialized>
         <run_address>0x4200</run_address>
         <size>0x100</size>
         <input_file_ref idref="fl-3"/>
      </object_component>
      <object_component id="oc-c0">
         <name>EPwm4RegsFile</name>
         <uninitialized>true</uninitialized>
         <run_address>0x4300</run_address>
         <size>0x100</size>
         <input_file_ref idref="fl-3"/>
      </object_component>
      <object_component id="oc-c1">
         <name>EPwm5RegsFile</name>
         <uninitialized>true</uninitialized>
         <run_address>0x4400</run_address>
         <size>0x100</size>
         <input_file_ref idref="fl-3"/>
      </object_component>
      <object_component id="oc-c2">
         <name>EPwm6RegsFile</name>
         <uninitialized>true</uninitialized>
         <run_address>0x4500</run_address>
         <size>0x100</size>
         <input_file_ref idref="fl-3"/>
      </object_component>
      <object_component id="oc-c3">
         <name>EPwm7RegsFile</name>
         <uninitialized>true</uninitialized>
         <run_address>0x4600</run_address>
         <size>0x100</size>
         <input_file_ref idref="fl-3"/>
      </object_component>
      <object_component id="oc-c4">
         <name>EPwm8RegsFile</name>
         <uninitialized>true</uninitialized>
         <run_address>0x4700</run_address>
         <size>0x100</size>
         <input_file_ref idref="fl-3"/>
      </object_component>
      <object_component id="oc-c5">
         <name>EPwm9RegsFile</name>
         <uninitialized>true</uninitialized>
         <run_address>0x4800</run_address>
         <size>0x100</size>
         <input_file_ref idref="fl-3"/>
      </object_component>
      <object_component id="oc-c6">
         <name>EPwm10RegsFile</name>
         <uninitialized>true</uninitialized>
         <run_address>0x4900</run_address>
         <size>0x100</size>
         <input_file_ref idref="fl-3"/>
      </object_component>
      <object_component id="oc-c7">
         <name>EPwm11RegsFile</name>
         <uninitialized>true</uninitialized>
         <run_address>0x4a00</run_address>
         <size>0x100</size>
         <input_file_ref idref="fl-3"/>
      </object_component>
      <object_component id="oc-b4">
         <name>EQep1RegsFile</name>
         <uninitialized>true</uninitialized>
         <run_address>0x5100</run_address>
         <size>0x22</size>
         <input_file_ref idref="fl-3"/>
      </object_component>
      <object_component id="oc-b5">
         <name>EQep3RegsFile</name>
         <uninitialized>true</uninitialized>
         <run_address>0x5180</run_address>
         <size>0x22</size>
         <input_file_ref idref="fl-3"/>
      </object_component>
      <object_component id="oc-c9">
         <name>GpioCtrlRegsFile</name>
         <uninitialized>true</uninitialized>
         <run_address>0x7c00</run_address>
         <size>0x180</size>
         <input_file_ref idref="fl-3"/>
      </object_component>
      <object_component id="oc-b6">
         <name>GpioDataRegsFile</name>
         <uninitialized>true</uninitialized>
         <run_address>0x7f00</run_address>
         <size>0x30</size>
         <input_file_ref idref="fl-3"/>
      </object_component>
      <object_component id="oc-b2">
         <name>InputXbarRegsFile</name>
         <uninitialized>true</uninitialized>
         <run_address>0x7900</run_address>
         <size>0x20</size>
         <input_file_ref idref="fl-3"/>
      </object_component>
      <object_component id="oc-b1">
         <name>PieCtrlRegsFile</name>
         <uninitialized>true</uninitialized>
         <run_address>0xce0</run_address>
         <size>0x1a</size>
         <input_file_ref idref="fl-3"/>
      </object_component>
      <object_component id="oc-a9">
         <name>SciaRegsFile</name>
         <uninitialized>true</uninitialized>
         <run_address>0x7200</run_address>
         <size>0x10</size>
         <input_file_ref idref="fl-3"/>
      </object_component>
      <object_component id="oc-aa">
         <name>ScibRegsFile</name>
         <uninitialized>true</uninitialized>
         <run_address>0x7210</run_address>
         <size>0x10</size>
         <input_file_ref idref="fl-3"/>
      </object_component>
      <object_component id="oc-ab">
         <name>ScicRegsFile</name>
         <uninitialized>true</uninitialized>
         <run_address>0x7220</run_address>
         <size>0x10</size>
         <input_file_ref idref="fl-3"/>
      </object_component>
      <object_component id="oc-ac">
         <name>ScidRegsFile</name>
         <uninitialized>true</uninitialized>
         <run_address>0x7230</run_address>
         <size>0x10</size>
         <input_file_ref idref="fl-3"/>
      </object_component>
      <object_component id="oc-c8">
         <name>DevCfgRegsFile</name>
         <uninitialized>true</uninitialized>
         <run_address>0x5d000</run_address>
         <size>0x12e</size>
         <input_file_ref idref="fl-3"/>
      </object_component>
      <object_component id="oc-b7">
         <name>ClkCfgRegsFile</name>
         <uninitialized>true</uninitialized>
         <run_address>0x5d200</run_address>
         <size>0x32</size>
         <input_file_ref idref="fl-3"/>
      </object_component>
      <object_component id="oc-bc">
         <name>CpuSysRegsFile</name>
         <uninitialized>true</uninitialized>
         <run_address>0x5d300</run_address>
         <size>0x82</size>
         <input_file_ref idref="fl-3"/>
      </object_component>
      <object_component id="oc-a0">
         <name>.debug_info</name>
         <load_address>0x0</load_address>
         <run_address>0x0</run_address>
         <size>0x24462</size>
         <input_file_ref idref="fl-2"/>
      </object_component>
      <object_component id="oc-a7">
         <name>.debug_info</name>
         <load_address>0x24462</load_address>
         <run_address>0x24462</run_address>
         <size>0x2dfdd</size>
         <input_file_ref idref="fl-3"/>
      </object_component>
      <object_component id="oc-ce">
         <name>.debug_info</name>
         <load_address>0x5243f</load_address>
         <run_address>0x5243f</run_address>
         <size>0x173</size>
         <input_file_ref idref="fl-15"/>
      </object_component>
      <object_component id="oc-d3">
         <name>.debug_info</name>
         <load_address>0x525b2</load_address>
         <run_address>0x525b2</run_address>
         <size>0x114</size>
         <input_file_ref idref="fl-16"/>
      </object_component>
      <object_component id="oc-d8">
         <name>.debug_info</name>
         <load_address>0x526c6</load_address>
         <run_address>0x526c6</run_address>
         <size>0x1a5</size>
         <input_file_ref idref="fl-17"/>
      </object_component>
      <object_component id="oc-dc">
         <name>.debug_info</name>
         <load_address>0x5286b</load_address>
         <run_address>0x5286b</run_address>
         <size>0x561</size>
         <input_file_ref idref="fl-18"/>
      </object_component>
      <object_component id="oc-e1">
         <name>.debug_info</name>
         <load_address>0x52dcc</load_address>
         <run_address>0x52dcc</run_address>
         <size>0x43a</size>
         <input_file_ref idref="fl-19"/>
      </object_component>
      <object_component id="oc-e6">
         <name>.debug_info</name>
         <load_address>0x53206</load_address>
         <run_address>0x53206</run_address>
         <size>0x3ad</size>
         <input_file_ref idref="fl-1a"/>
      </object_component>
      <object_component id="oc-eb">
         <name>.debug_info</name>
         <load_address>0x535b3</load_address>
         <run_address>0x535b3</run_address>
         <size>0x3aa</size>
         <input_file_ref idref="fl-1b"/>
      </object_component>
      <object_component id="oc-f0">
         <name>.debug_info</name>
         <load_address>0x5395d</load_address>
         <run_address>0x5395d</run_address>
         <size>0x544</size>
         <input_file_ref idref="fl-1c"/>
      </object_component>
      <object_component id="oc-f7">
         <name>.debug_info</name>
         <load_address>0x53ea1</load_address>
         <run_address>0x53ea1</run_address>
         <size>0x4cc</size>
         <input_file_ref idref="fl-1d"/>
      </object_component>
      <object_component id="oc-fc">
         <name>.debug_info</name>
         <load_address>0x5436d</load_address>
         <run_address>0x5436d</run_address>
         <size>0x467</size>
         <input_file_ref idref="fl-1e"/>
      </object_component>
      <object_component id="oc-1b3">
         <name>.debug_info</name>
         <load_address>0x547d4</load_address>
         <run_address>0x547d4</run_address>
         <size>0xbc</size>
      </object_component>
      <object_component id="oc-a3">
         <name>.debug_frame</name>
         <load_address>0x0</load_address>
         <run_address>0x0</run_address>
         <size>0x318</size>
         <input_file_ref idref="fl-2"/>
      </object_component>
      <object_component id="oc-dd">
         <name>.debug_frame</name>
         <load_address>0x318</load_address>
         <run_address>0x318</run_address>
         <size>0x60</size>
         <input_file_ref idref="fl-18"/>
      </object_component>
      <object_component id="oc-e2">
         <name>.debug_frame</name>
         <load_address>0x378</load_address>
         <run_address>0x378</run_address>
         <size>0x40</size>
         <input_file_ref idref="fl-19"/>
      </object_component>
      <object_component id="oc-e7">
         <name>.debug_frame</name>
         <load_address>0x3b8</load_address>
         <run_address>0x3b8</run_address>
         <size>0x40</size>
         <input_file_ref idref="fl-1a"/>
      </object_component>
      <object_component id="oc-ec">
         <name>.debug_frame</name>
         <load_address>0x3f8</load_address>
         <run_address>0x3f8</run_address>
         <size>0x40</size>
         <input_file_ref idref="fl-1b"/>
      </object_component>
      <object_component id="oc-f3">
         <name>.debug_frame</name>
         <load_address>0x438</load_address>
         <run_address>0x438</run_address>
         <size>0x60</size>
         <input_file_ref idref="fl-1c"/>
      </object_component>
      <object_component id="oc-f8">
         <name>.debug_frame</name>
         <load_address>0x498</load_address>
         <run_address>0x498</run_address>
         <size>0x70</size>
         <input_file_ref idref="fl-1d"/>
      </object_component>
      <object_component id="oc-fd">
         <name>.debug_frame</name>
         <load_address>0x508</load_address>
         <run_address>0x508</run_address>
         <size>0x40</size>
         <input_file_ref idref="fl-1e"/>
      </object_component>
      <object_component id="oc-a4">
         <name>.debug_line</name>
         <load_address>0x0</load_address>
         <run_address>0x0</run_address>
         <size>0x453</size>
         <input_file_ref idref="fl-2"/>
      </object_component>
      <object_component id="oc-cf">
         <name>.debug_line</name>
         <load_address>0x453</load_address>
         <run_address>0x453</run_address>
         <size>0x7e</size>
         <input_file_ref idref="fl-15"/>
      </object_component>
      <object_component id="oc-d4">
         <name>.debug_line</name>
         <load_address>0x4d1</load_address>
         <run_address>0x4d1</run_address>
         <size>0xad</size>
         <input_file_ref idref="fl-16"/>
      </object_component>
      <object_component id="oc-d9">
         <name>.debug_line</name>
         <load_address>0x57e</load_address>
         <run_address>0x57e</run_address>
         <size>0x8e</size>
         <input_file_ref idref="fl-17"/>
      </object_component>
      <object_component id="oc-de">
         <name>.debug_line</name>
         <load_address>0x60c</load_address>
         <run_address>0x60c</run_address>
         <size>0x50</size>
         <input_file_ref idref="fl-18"/>
      </object_component>
      <object_component id="oc-e3">
         <name>.debug_line</name>
         <load_address>0x65c</load_address>
         <run_address>0x65c</run_address>
         <size>0x62</size>
         <input_file_ref idref="fl-19"/>
      </object_component>
      <object_component id="oc-e8">
         <name>.debug_line</name>
         <load_address>0x6be</load_address>
         <run_address>0x6be</run_address>
         <size>0x3e</size>
         <input_file_ref idref="fl-1a"/>
      </object_component>
      <object_component id="oc-ed">
         <name>.debug_line</name>
         <load_address>0x6fc</load_address>
         <run_address>0x6fc</run_address>
         <size>0x3a</size>
         <input_file_ref idref="fl-1b"/>
      </object_component>
      <object_component id="oc-f4">
         <name>.debug_line</name>
         <load_address>0x736</load_address>
         <run_address>0x736</run_address>
         <size>0x65</size>
         <input_file_ref idref="fl-1c"/>
      </object_component>
      <object_component id="oc-f9">
         <name>.debug_line</name>
         <load_address>0x79b</load_address>
         <run_address>0x79b</run_address>
         <size>0x5e</size>
         <input_file_ref idref="fl-1d"/>
      </object_component>
      <object_component id="oc-fe">
         <name>.debug_line</name>
         <load_address>0x7f9</load_address>
         <run_address>0x7f9</run_address>
         <size>0x4f</size>
         <input_file_ref idref="fl-1e"/>
      </object_component>
      <object_component id="oc-a5">
         <name>.debug_abbrev</name>
         <load_address>0x0</load_address>
         <run_address>0x0</run_address>
         <size>0x18d</size>
         <input_file_ref idref="fl-2"/>
      </object_component>
      <object_component id="oc-cb">
         <name>.debug_abbrev</name>
         <load_address>0x18d</load_address>
         <run_address>0x18d</run_address>
         <size>0xb7</size>
         <input_file_ref idref="fl-3"/>
      </object_component>
      <object_component id="oc-d0">
         <name>.debug_abbrev</name>
         <load_address>0x244</load_address>
         <run_address>0x244</run_address>
         <size>0x46</size>
         <input_file_ref idref="fl-15"/>
      </object_component>
      <object_component id="oc-d5">
         <name>.debug_abbrev</name>
         <load_address>0x28a</load_address>
         <run_address>0x28a</run_address>
         <size>0x38</size>
         <input_file_ref idref="fl-16"/>
      </object_component>
      <object_component id="oc-da">
         <name>.debug_abbrev</name>
         <load_address>0x2c2</load_address>
         <run_address>0x2c2</run_address>
         <size>0x38</size>
         <input_file_ref idref="fl-17"/>
      </object_component>
      <object_component id="oc-df">
         <name>.debug_abbrev</name>
         <load_address>0x2fa</load_address>
         <run_address>0x2fa</run_address>
         <size>0xe3</size>
         <input_file_ref idref="fl-18"/>
      </object_component>
      <object_component id="oc-e4">
         <name>.debug_abbrev</name>
         <load_address>0x3dd</load_address>
         <run_address>0x3dd</run_address>
         <size>0xa8</size>
         <input_file_ref idref="fl-19"/>
      </object_component>
      <object_component id="oc-e9">
         <name>.debug_abbrev</name>
         <load_address>0x485</load_address>
         <run_address>0x485</run_address>
         <size>0x68</size>
         <input_file_ref idref="fl-1a"/>
      </object_component>
      <object_component id="oc-ee">
         <name>.debug_abbrev</name>
         <load_address>0x4ed</load_address>
         <run_address>0x4ed</run_address>
         <size>0x66</size>
         <input_file_ref idref="fl-1b"/>
      </object_component>
      <object_component id="oc-f5">
         <name>.debug_abbrev</name>
         <load_address>0x553</load_address>
         <run_address>0x553</run_address>
         <size>0x130</size>
         <input_file_ref idref="fl-1c"/>
      </object_component>
      <object_component id="oc-fa">
         <name>.debug_abbrev</name>
         <load_address>0x683</load_address>
         <run_address>0x683</run_address>
         <size>0xb2</size>
         <input_file_ref idref="fl-1d"/>
      </object_component>
      <object_component id="oc-ff">
         <name>.debug_abbrev</name>
         <load_address>0x735</load_address>
         <run_address>0x735</run_address>
         <size>0xee</size>
         <input_file_ref idref="fl-1e"/>
      </object_component>
      <object_component id="oc-1b4">
         <name>.debug_abbrev</name>
         <load_address>0x823</load_address>
         <run_address>0x823</run_address>
         <size>0xf</size>
      </object_component>
      <object_component id="oc-a6">
         <name>.debug_aranges</name>
         <load_address>0x0</load_address>
         <run_address>0x0</run_address>
         <size>0xc8</size>
         <input_file_ref idref="fl-2"/>
      </object_component>
      <object_component id="oc-d1">
         <name>.debug_aranges</name>
         <load_address>0xc8</load_address>
         <run_address>0xc8</run_address>
         <size>0x20</size>
         <input_file_ref idref="fl-15"/>
      </object_component>
      <object_component id="oc-d6">
         <name>.debug_aranges</name>
         <load_address>0xe8</load_address>
         <run_address>0xe8</run_address>
         <size>0x20</size>
         <input_file_ref idref="fl-16"/>
      </object_component>
      <object_component id="oc-db">
         <name>.debug_aranges</name>
         <load_address>0x108</load_address>
         <run_address>0x108</run_address>
         <size>0x38</size>
         <input_file_ref idref="fl-17"/>
      </object_component>
      <object_component id="oc-e0">
         <name>.debug_aranges</name>
         <load_address>0x140</load_address>
         <run_address>0x140</run_address>
         <size>0x20</size>
         <input_file_ref idref="fl-18"/>
      </object_component>
      <object_component id="oc-e5">
         <name>.debug_aranges</name>
         <load_address>0x160</load_address>
         <run_address>0x160</run_address>
         <size>0x20</size>
         <input_file_ref idref="fl-19"/>
      </object_component>
      <object_component id="oc-ea">
         <name>.debug_aranges</name>
         <load_address>0x180</load_address>
         <run_address>0x180</run_address>
         <size>0x20</size>
         <input_file_ref idref="fl-1a"/>
      </object_component>
      <object_component id="oc-ef">
         <name>.debug_aranges</name>
         <load_address>0x1a0</load_address>
         <run_address>0x1a0</run_address>
         <size>0x20</size>
         <input_file_ref idref="fl-1b"/>
      </object_component>
      <object_component id="oc-f6">
         <name>.debug_aranges</name>
         <load_address>0x1c0</load_address>
         <run_address>0x1c0</run_address>
         <size>0x28</size>
         <input_file_ref idref="fl-1c"/>
      </object_component>
      <object_component id="oc-fb">
         <name>.debug_aranges</name>
         <load_address>0x1e8</load_address>
         <run_address>0x1e8</run_address>
         <size>0x30</size>
         <input_file_ref idref="fl-1d"/>
      </object_component>
      <object_component id="oc-100">
         <name>.debug_aranges</name>
         <load_address>0x218</load_address>
         <run_address>0x218</run_address>
         <size>0x20</size>
         <input_file_ref idref="fl-1e"/>
      </object_component>
   </object_component_list>
   <logical_group_list>
      <logical_group id="lg-2" display="no" color="cyan">
         <name>codestart</name>
         <run_address>0x0</run_address>
         <size>0x0</size>
         <contents>
         </contents>
      </logical_group>
      <logical_group id="lg-1b2" display="no" color="cyan">
         <name>.text</name>
         <load_address>0xb000</load_address>
         <run_address>0xb000</run_address>
         <size>0x71b</size>
         <contents>
            <object_component_ref idref="oc-108"/>
            <object_component_ref idref="oc-a2"/>
            <object_component_ref idref="oc-d2"/>
            <object_component_ref idref="oc-9f"/>
            <object_component_ref idref="oc-d7"/>
            <object_component_ref idref="oc-105"/>
            <object_component_ref idref="oc-102"/>
            <object_component_ref idref="oc-107"/>
            <object_component_ref idref="oc-104"/>
            <object_component_ref idref="oc-10b"/>
            <object_component_ref idref="oc-101"/>
            <object_component_ref idref="oc-103"/>
         </contents>
      </logical_group>
      <split_section id="lg-3" display="no" color="cyan">
         <name>.text</name>
         <contents>
            <logical_group_ref idref="lg-1b2"/>
         </contents>
      </split_section>
      <logical_group id="lg-4" display="no" color="cyan">
         <name>.cinit</name>
         <load_address>0x122</load_address>
         <run_address>0x122</run_address>
         <size>0x1a</size>
         <contents>
            <object_component_ref idref="oc-f1"/>
            <object_component_ref idref="oc-10a"/>
            <object_component_ref idref="oc-10c"/>
         </contents>
      </logical_group>
      <logical_group id="lg-5" display="no" color="cyan">
         <name>.switch</name>
         <run_address>0x0</run_address>
         <size>0x0</size>
         <contents>
         </contents>
      </logical_group>
      <logical_group id="lg-6" display="no" color="cyan">
         <name>.reset</name>
         <load_address>0x3fffc0</load_address>
         <run_address>0x3fffc0</run_address>
         <size>0x2</size>
         <contents>
            <object_component_ref idref="oc-cd"/>
         </contents>
      </logical_group>
      <logical_group id="lg-7" display="no" color="cyan">
         <name>.stack</name>
         <run_address>0x400</run_address>
         <size>0x200</size>
         <contents>
            <object_component_ref idref="oc-cc"/>
            <object_component_ref idref="oc-1b1"/>
         </contents>
      </logical_group>
      <logical_group id="lg-8" display="no" color="cyan">
         <name>.pinit</name>
         <run_address>0x0</run_address>
         <size>0x0</size>
         <contents>
         </contents>
      </logical_group>
      <logical_group id="lg-9" display="no" color="cyan">
         <name>.ebss</name>
         <run_address>0xa800</run_address>
         <size>0xf0</size>
         <contents>
            <object_component_ref idref="oc-a1"/>
            <object_component_ref idref="oc-106"/>
            <object_component_ref idref="oc-f2"/>
            <object_component_ref idref="oc-109"/>
            <object_component_ref idref="oc-10d"/>
         </contents>
      </logical_group>
      <logical_group id="lg-a" display="no" color="cyan">
         <name>.econst</name>
         <run_address>0x0</run_address>
         <size>0x0</size>
         <contents>
         </contents>
      </logical_group>
      <logical_group id="lg-b" display="no" color="cyan">
         <name>.esysmem</name>
         <run_address>0x0</run_address>
         <size>0x0</size>
         <contents>
         </contents>
      </logical_group>
      <logical_group id="lg-c" display="no" color="cyan">
         <name>Filter_RegsFile</name>
         <run_address>0x0</run_address>
         <size>0x0</size>
         <contents>
         </contents>
      </logical_group>
      <logical_group id="lg-d" display="no" color="cyan">
         <name>ramgs0</name>
         <run_address>0x0</run_address>
         <size>0x0</size>
         <contents>
         </contents>
      </logical_group>
      <logical_group id="lg-e" display="no" color="cyan">
         <name>ramgs1</name>
         <run_address>0x0</run_address>
         <size>0x0</size>
         <contents>
         </contents>
      </logical_group>
      <logical_group id="lg-f" display="no" color="cyan">
         <name>.TI.ramfunc</name>
         <run_address>0x0</run_address>
         <size>0x0</size>
         <contents>
         </contents>
      </logical_group>
      <logical_group id="lg-11" display="no" color="cyan">
         <name>PUTBUFFER</name>
         <run_address>0x0</run_address>
         <size>0x0</size>
         <contents>
         </contents>
      </logical_group>
      <logical_group id="lg-12" display="no" color="cyan">
         <name>PUTWRITEIDX</name>
         <run_address>0x0</run_address>
         <size>0x0</size>
         <contents>
         </contents>
      </logical_group>
      <logical_group id="lg-13" display="no" color="cyan">
         <name>GETREADIDX</name>
         <run_address>0x0</run_address>
         <size>0x0</size>
         <contents>
         </contents>
      </logical_group>
      <logical_group id="lg-10" display="no" color="cyan">
         <name>GROUP_1</name>
         <run_address>0x0</run_address>
         <size>0x0</size>
         <contents>
            <logical_group_ref idref="lg-11"/>
            <logical_group_ref idref="lg-12"/>
            <logical_group_ref idref="lg-13"/>
         </contents>
      </logical_group>
      <logical_group id="lg-15" display="no" color="cyan">
         <name>GETBUFFER</name>
         <run_address>0x3f800</run_address>
         <size>0x0</size>
         <contents>
         </contents>
      </logical_group>
      <logical_group id="lg-16" display="no" color="cyan">
         <name>GETWRITEIDX</name>
         <run_address>0x3f800</run_address>
         <size>0x0</size>
         <contents>
         </contents>
      </logical_group>
      <logical_group id="lg-17" display="no" color="cyan">
         <name>PUTREADIDX</name>
         <run_address>0x3f800</run_address>
         <size>0x0</size>
         <contents>
         </contents>
      </logical_group>
      <logical_group id="lg-14" display="no" color="cyan">
         <name>GROUP_2</name>
         <run_address>0x3f800</run_address>
         <size>0x0</size>
         <contents>
            <logical_group_ref idref="lg-15"/>
            <logical_group_ref idref="lg-16"/>
            <logical_group_ref idref="lg-17"/>
         </contents>
      </logical_group>
      <logical_group id="lg-18" display="no" color="cyan">
         <name>Filter1_RegsFile</name>
         <load_address>0xd000</load_address>
         <run_address>0xd000</run_address>
         <size>0x0</size>
         <contents>
         </contents>
      </logical_group>
      <logical_group id="lg-19" display="no" color="cyan">
         <name>Filter2_RegsFile</name>
         <load_address>0xe000</load_address>
         <run_address>0xe000</run_address>
         <size>0x0</size>
         <contents>
         </contents>
      </logical_group>
      <logical_group id="lg-1a" display="no" color="cyan">
         <name>Filter3_RegsFile</name>
         <load_address>0xf000</load_address>
         <run_address>0xf000</run_address>
         <size>0x0</size>
         <contents>
         </contents>
      </logical_group>
      <logical_group id="lg-1b" display="no" color="cyan">
         <name>Filter4_RegsFile</name>
         <load_address>0x10000</load_address>
         <run_address>0x10000</run_address>
         <size>0x0</size>
         <contents>
         </contents>
      </logical_group>
      <logical_group id="lg-1c" display="no" color="cyan">
         <name>Difference_RegsFile</name>
         <load_address>0x11000</load_address>
         <run_address>0x11000</run_address>
         <size>0x0</size>
         <contents>
         </contents>
      </logical_group>
      <logical_group id="lg-1d" display="no" color="cyan">
         <name>.cinit</name>
         <run_address>0x0</run_address>
         <size>0x0</size>
         <contents>
         </contents>
      </logical_group>
      <logical_group id="lg-1e" display="no" color="cyan">
         <name>.pinit</name>
         <run_address>0x0</run_address>
         <size>0x0</size>
         <contents>
         </contents>
      </logical_group>
      <logical_group id="lg-1f" display="no" color="cyan">
         <name>.text</name>
         <run_address>0x0</run_address>
         <size>0x0</size>
         <contents>
         </contents>
      </logical_group>
      <logical_group id="lg-20" display="no" color="cyan">
         <name>codestart</name>
         <run_address>0x0</run_address>
         <size>0x0</size>
         <contents>
         </contents>
      </logical_group>
      <logical_group id="lg-21" display="no" color="cyan">
         <name>.TI.ramfunc</name>
         <run_address>0x8000</run_address>
         <size>0x0</size>
         <contents>
         </contents>
      </logical_group>
      <logical_group id="lg-22" display="no" color="cyan">
         <name>.stack</name>
         <run_address>0x0</run_address>
         <size>0x0</size>
         <contents>
         </contents>
      </logical_group>
      <logical_group id="lg-23" display="no" color="cyan">
         <name>.ebss</name>
         <run_address>0x0</run_address>
         <size>0x0</size>
         <contents>
         </contents>
      </logical_group>
      <logical_group id="lg-24" display="no" color="cyan">
         <name>.esysmem</name>
         <run_address>0x0</run_address>
         <size>0x0</size>
         <contents>
         </contents>
      </logical_group>
      <logical_group id="lg-25" display="no" color="cyan">
         <name>.econst</name>
         <run_address>0x0</run_address>
         <size>0x0</size>
         <contents>
         </contents>
      </logical_group>
      <logical_group id="lg-26" display="no" color="cyan">
         <name>.switch</name>
         <run_address>0x0</run_address>
         <size>0x0</size>
         <contents>
         </contents>
      </logical_group>
      <logical_group id="lg-27" display="no" color="cyan">
         <name>.reset</name>
         <run_address>0x3fffc0</run_address>
         <size>0x0</size>
         <contents>
         </contents>
      </logical_group>
      <logical_group id="lg-28" display="no" color="cyan">
         <name>Filter_RegsFile</name>
         <run_address>0x0</run_address>
         <size>0x0</size>
         <contents>
         </contents>
      </logical_group>
      <logical_group id="lg-29" display="no" color="cyan">
         <name>SHARERAMGS0</name>
         <run_address>0x0</run_address>
         <size>0x0</size>
         <contents>
         </contents>
      </logical_group>
      <logical_group id="lg-2a" display="no" color="cyan">
         <name>SHARERAMGS1</name>
         <run_address>0x0</run_address>
         <size>0x0</size>
         <contents>
         </contents>
      </logical_group>
      <logical_group id="lg-2c" display="no" color="cyan">
         <name>PUTBUFFER</name>
         <run_address>0x0</run_address>
         <size>0x0</size>
         <contents>
         </contents>
      </logical_group>
      <logical_group id="lg-2d" display="no" color="cyan">
         <name>PUTWRITEIDX</name>
         <run_address>0x0</run_address>
         <size>0x0</size>
         <contents>
         </contents>
      </logical_group>
      <logical_group id="lg-2e" display="no" color="cyan">
         <name>GETREADIDX</name>
         <run_address>0x0</run_address>
         <size>0x0</size>
         <contents>
         </contents>
      </logical_group>
      <logical_group id="lg-2b" display="no" color="cyan">
         <name>GROUP_3</name>
         <run_address>0x0</run_address>
         <size>0x0</size>
         <contents>
            <logical_group_ref idref="lg-2c"/>
            <logical_group_ref idref="lg-2d"/>
            <logical_group_ref idref="lg-2e"/>
         </contents>
      </logical_group>
      <logical_group id="lg-30" display="no" color="cyan">
         <name>GETBUFFER</name>
         <run_address>0x3f800</run_address>
         <size>0x0</size>
         <contents>
         </contents>
      </logical_group>
      <logical_group id="lg-31" display="no" color="cyan">
         <name>GETWRITEIDX</name>
         <run_address>0x3f800</run_address>
         <size>0x0</size>
         <contents>
         </contents>
      </logical_group>
      <logical_group id="lg-32" display="no" color="cyan">
         <name>PUTREADIDX</name>
         <run_address>0x3f800</run_address>
         <size>0x0</size>
         <contents>
         </contents>
      </logical_group>
      <logical_group id="lg-2f" display="no" color="cyan">
         <name>GROUP_4</name>
         <run_address>0x3f800</run_address>
         <size>0x0</size>
         <contents>
            <logical_group_ref idref="lg-30"/>
            <logical_group_ref idref="lg-31"/>
            <logical_group_ref idref="lg-32"/>
         </contents>
      </logical_group>
      <logical_group id="lg-33" display="no" color="cyan">
         <name>.TI.memcrc</name>
         <load_address>0x0</load_address>
         <run_address>0x0</run_address>
         <size>0x66</size>
         <contents>
            <object_component_ref idref="oc-10e"/>
         </contents>
      </logical_group>
      <logical_group id="lg-35" display="no" color="cyan">
         <name>PieVectTableFile</name>
         <run_address>0xd00</run_address>
         <size>0x1c0</size>
         <contents>
            <object_component_ref idref="oc-ca"/>
         </contents>
      </logical_group>
      <logical_group id="lg-37" display="no" color="cyan">
         <name>EmuBModeVar</name>
         <run_address>0xd00</run_address>
         <size>0x0</size>
         <contents>
         </contents>
      </logical_group>
      <logical_group id="lg-38" display="no" color="cyan">
         <name>EmuBootPinsVar</name>
         <run_address>0xd00</run_address>
         <size>0x0</size>
         <contents>
         </contents>
      </logical_group>
      <logical_group id="lg-36" display="no" color="cyan">
         <name>GROUP_6</name>
         <run_address>0xd00</run_address>
         <size>0x0</size>
         <contents>
            <logical_group_ref idref="lg-37"/>
            <logical_group_ref idref="lg-38"/>
         </contents>
      </logical_group>
      <overlay id="lg-34" display="no" color="cyan">
         <name>UNION_5</name>
         <run_address>0xd00</run_address>
         <size>0x1c0</size>
         <contents>
            <logical_group_ref idref="lg-35"/>
            <logical_group_ref idref="lg-36"/>
         </contents>
      </overlay>
      <logical_group id="lg-39" display="no" color="cyan">
         <name>AdcaResultFile</name>
         <run_address>0xb00</run_address>
         <size>0x18</size>
         <contents>
            <object_component_ref idref="oc-ad"/>
         </contents>
      </logical_group>
      <logical_group id="lg-3a" display="no" color="cyan">
         <name>AdcbResultFile</name>
         <run_address>0xb20</run_address>
         <size>0x18</size>
         <contents>
            <object_component_ref idref="oc-ae"/>
         </contents>
      </logical_group>
      <logical_group id="lg-3b" display="no" color="cyan">
         <name>AdccResultFile</name>
         <run_address>0xb40</run_address>
         <size>0x18</size>
         <contents>
            <object_component_ref idref="oc-af"/>
         </contents>
      </logical_group>
      <logical_group id="lg-3c" display="no" color="cyan">
         <name>AdcdResultFile</name>
         <run_address>0xb60</run_address>
         <size>0x18</size>
         <contents>
            <object_component_ref idref="oc-b0"/>
         </contents>
      </logical_group>
      <logical_group id="lg-3d" display="no" color="cyan">
         <name>AdcaRegsFile</name>
         <run_address>0x7400</run_address>
         <size>0x80</size>
         <contents>
            <object_component_ref idref="oc-b8"/>
         </contents>
      </logical_group>
      <logical_group id="lg-3e" display="no" color="cyan">
         <name>AdcbRegsFile</name>
         <run_address>0x7480</run_address>
         <size>0x80</size>
         <contents>
            <object_component_ref idref="oc-b9"/>
         </contents>
      </logical_group>
      <logical_group id="lg-3f" display="no" color="cyan">
         <name>AdccRegsFile</name>
         <run_address>0x7500</run_address>
         <size>0x80</size>
         <contents>
            <object_component_ref idref="oc-ba"/>
         </contents>
      </logical_group>
      <logical_group id="lg-40" display="no" color="cyan">
         <name>AdcdRegsFile</name>
         <run_address>0x7580</run_address>
         <size>0x80</size>
         <contents>
            <object_component_ref idref="oc-bb"/>
         </contents>
      </logical_group>
      <logical_group id="lg-41" display="no" color="cyan">
         <name>AnalogSubsysRegsFile</name>
         <run_address>0x0</run_address>
         <size>0x0</size>
         <contents>
         </contents>
      </logical_group>
      <logical_group id="lg-42" display="no" color="cyan">
         <name>CanaRegsFile</name>
         <run_address>0x0</run_address>
         <size>0x0</size>
         <contents>
         </contents>
      </logical_group>
      <logical_group id="lg-43" display="no" color="cyan">
         <name>CanbRegsFile</name>
         <run_address>0x0</run_address>
         <size>0x0</size>
         <contents>
         </contents>
      </logical_group>
      <logical_group id="lg-44" display="no" color="cyan">
         <name>Cla1RegsFile</name>
         <run_address>0x0</run_address>
         <size>0x0</size>
         <contents>
         </contents>
      </logical_group>
      <logical_group id="lg-45" display="no" color="cyan">
         <name>Cla1SoftIntRegsFile</name>
         <run_address>0xce0</run_address>
         <size>0x0</size>
         <contents>
         </contents>
      </logical_group>
      <logical_group id="lg-46" display="no" color="cyan">
         <name>ClbXbarRegsFile</name>
         <run_address>0x0</run_address>
         <size>0x0</size>
         <contents>
         </contents>
      </logical_group>
      <logical_group id="lg-47" display="no" color="cyan">
         <name>Cmpss1RegsFile</name>
         <run_address>0x0</run_address>
         <size>0x0</size>
         <contents>
         </contents>
      </logical_group>
      <logical_group id="lg-48" display="no" color="cyan">
         <name>Cmpss2RegsFile</name>
         <run_address>0x0</run_address>
         <size>0x0</size>
         <contents>
         </contents>
      </logical_group>
      <logical_group id="lg-49" display="no" color="cyan">
         <name>Cmpss3RegsFile</name>
         <run_address>0x0</run_address>
         <size>0x0</size>
         <contents>
         </contents>
      </logical_group>
      <logical_group id="lg-4a" display="no" color="cyan">
         <name>Cmpss4RegsFile</name>
         <run_address>0x0</run_address>
         <size>0x0</size>
         <contents>
         </contents>
      </logical_group>
      <logical_group id="lg-4b" display="no" color="cyan">
         <name>Cmpss5RegsFile</name>
         <run_address>0x0</run_address>
         <size>0x0</size>
         <contents>
         </contents>
      </logical_group>
      <logical_group id="lg-4c" display="no" color="cyan">
         <name>Cmpss6RegsFile</name>
         <run_address>0x0</run_address>
         <size>0x0</size>
         <contents>
         </contents>
      </logical_group>
      <logical_group id="lg-4d" display="no" color="cyan">
         <name>Cmpss7RegsFile</name>
         <run_address>0x0</run_address>
         <size>0x0</size>
         <contents>
         </contents>
      </logical_group>
      <logical_group id="lg-4e" display="no" color="cyan">
         <name>Cmpss8RegsFile</name>
         <run_address>0x0</run_address>
         <size>0x0</size>
         <contents>
         </contents>
      </logical_group>
      <logical_group id="lg-4f" display="no" color="cyan">
         <name>CpuTimer0RegsFile</name>
         <run_address>0xc00</run_address>
         <size>0x8</size>
         <contents>
            <object_component_ref idref="oc-a8"/>
         </contents>
      </logical_group>
      <logical_group id="lg-50" display="no" color="cyan">
         <name>CpuTimer1RegsFile</name>
         <run_address>0x0</run_address>
         <size>0x0</size>
         <contents>
         </contents>
      </logical_group>
      <logical_group id="lg-51" display="no" color="cyan">
         <name>CpuTimer2RegsFile</name>
         <run_address>0x0</run_address>
         <size>0x0</size>
         <contents>
         </contents>
      </logical_group>
      <logical_group id="lg-52" display="no" color="cyan">
         <name>DacaRegsFile</name>
         <run_address>0x0</run_address>
         <size>0x0</size>
         <contents>
         </contents>
      </logical_group>
      <logical_group id="lg-53" display="no" color="cyan">
         <name>DacbRegsFile</name>
         <run_address>0x0</run_address>
         <size>0x0</size>
         <contents>
         </contents>
      </logical_group>
      <logical_group id="lg-54" display="no" color="cyan">
         <name>DaccRegsFile</name>
         <run_address>0x0</run_address>
         <size>0x0</size>
         <contents>
         </contents>
      </logical_group>
      <logical_group id="lg-55" display="no" color="cyan">
         <name>DcsmZ1RegsFile</name>
         <run_address>0x0</run_address>
         <size>0x0</size>
         <contents>
         </contents>
      </logical_group>
      <logical_group id="lg-56" display="no" color="cyan">
         <name>DcsmZ2RegsFile</name>
         <run_address>0x0</run_address>
         <size>0x0</size>
         <contents>
         </contents>
      </logical_group>
      <logical_group id="lg-57" display="no" color="cyan">
         <name>DcsmCommonRegsFile</name>
         <run_address>0x0</run_address>
         <size>0x0</size>
         <contents>
         </contents>
      </logical_group>
      <logical_group id="lg-58" display="no" color="cyan">
         <name>DmaRegsFile</name>
         <run_address>0x0</run_address>
         <size>0x0</size>
         <contents>
         </contents>
      </logical_group>
      <logical_group id="lg-59" display="no" color="cyan">
         <name>DmaClaSrcSelRegsFile</name>
         <run_address>0x0</run_address>
         <size>0x0</size>
         <contents>
         </contents>
      </logical_group>
      <logical_group id="lg-5a" display="no" color="cyan">
         <name>ECap1RegsFile</name>
         <run_address>0x5000</run_address>
         <size>0x20</size>
         <contents>
            <object_component_ref idref="oc-b3"/>
         </contents>
      </logical_group>
      <logical_group id="lg-5b" display="no" color="cyan">
         <name>ECap2RegsFile</name>
         <run_address>0x0</run_address>
         <size>0x0</size>
         <contents>
         </contents>
      </logical_group>
      <logical_group id="lg-5c" display="no" color="cyan">
         <name>ECap3RegsFile</name>
         <run_address>0x0</run_address>
         <size>0x0</size>
         <contents>
         </contents>
      </logical_group>
      <logical_group id="lg-5d" display="no" color="cyan">
         <name>ECap4RegsFile</name>
         <run_address>0x0</run_address>
         <size>0x0</size>
         <contents>
         </contents>
      </logical_group>
      <logical_group id="lg-5e" display="no" color="cyan">
         <name>ECap5RegsFile</name>
         <run_address>0x0</run_address>
         <size>0x0</size>
         <contents>
         </contents>
      </logical_group>
      <logical_group id="lg-5f" display="no" color="cyan">
         <name>ECap6RegsFile</name>
         <run_address>0x0</run_address>
         <size>0x0</size>
         <contents>
         </contents>
      </logical_group>
      <logical_group id="lg-60" display="no" color="cyan">
         <name>Emif1RegsFile</name>
         <run_address>0x0</run_address>
         <size>0x0</size>
         <contents>
         </contents>
      </logical_group>
      <logical_group id="lg-61" display="no" color="cyan">
         <name>Emif2RegsFile</name>
         <run_address>0x0</run_address>
         <size>0x0</size>
         <contents>
         </contents>
      </logical_group>
      <logical_group id="lg-62" display="no" color="cyan">
         <name>EPwm1RegsFile</name>
         <run_address>0x4000</run_address>
         <size>0x100</size>
         <contents>
            <object_component_ref idref="oc-bd"/>
         </contents>
      </logical_group>
      <logical_group id="lg-63" display="no" color="cyan">
         <name>EPwm2RegsFile</name>
         <run_address>0x4100</run_address>
         <size>0x100</size>
         <contents>
            <object_component_ref idref="oc-be"/>
         </contents>
      </logical_group>
      <logical_group id="lg-64" display="no" color="cyan">
         <name>EPwm3RegsFile</name>
         <run_address>0x4200</run_address>
         <size>0x100</size>
         <contents>
            <object_component_ref idref="oc-bf"/>
         </contents>
      </logical_group>
      <logical_group id="lg-65" display="no" color="cyan">
         <name>EPwm4RegsFile</name>
         <run_address>0x4300</run_address>
         <size>0x100</size>
         <contents>
            <object_component_ref idref="oc-c0"/>
         </contents>
      </logical_group>
      <logical_group id="lg-66" display="no" color="cyan">
         <name>EPwm5RegsFile</name>
         <run_address>0x4400</run_address>
         <size>0x100</size>
         <contents>
            <object_component_ref idref="oc-c1"/>
         </contents>
      </logical_group>
      <logical_group id="lg-67" display="no" color="cyan">
         <name>EPwm6RegsFile</name>
         <run_address>0x4500</run_address>
         <size>0x100</size>
         <contents>
            <object_component_ref idref="oc-c2"/>
         </contents>
      </logical_group>
      <logical_group id="lg-68" display="no" color="cyan">
         <name>EPwm7RegsFile</name>
         <run_address>0x4600</run_address>
         <size>0x100</size>
         <contents>
            <object_component_ref idref="oc-c3"/>
         </contents>
      </logical_group>
      <logical_group id="lg-69" display="no" color="cyan">
         <name>EPwm8RegsFile</name>
         <run_address>0x4700</run_address>
         <size>0x100</size>
         <contents>
            <object_component_ref idref="oc-c4"/>
         </contents>
      </logical_group>
      <logical_group id="lg-6a" display="no" color="cyan">
         <name>EPwm9RegsFile</name>
         <run_address>0x4800</run_address>
         <size>0x100</size>
         <contents>
            <object_component_ref idref="oc-c5"/>
         </contents>
      </logical_group>
      <logical_group id="lg-6b" display="no" color="cyan">
         <name>EPwm10RegsFile</name>
         <run_address>0x4900</run_address>
         <size>0x100</size>
         <contents>
            <object_component_ref idref="oc-c6"/>
         </contents>
      </logical_group>
      <logical_group id="lg-6c" display="no" color="cyan">
         <name>EPwm11RegsFile</name>
         <run_address>0x4a00</run_address>
         <size>0x100</size>
         <contents>
            <object_component_ref idref="oc-c7"/>
         </contents>
      </logical_group>
      <logical_group id="lg-6d" display="no" color="cyan">
         <name>EPwm12RegsFile</name>
         <run_address>0x0</run_address>
         <size>0x0</size>
         <contents>
         </contents>
      </logical_group>
      <logical_group id="lg-6e" display="no" color="cyan">
         <name>EPwmXbarRegsFile</name>
         <run_address>0x0</run_address>
         <size>0x0</size>
         <contents>
         </contents>
      </logical_group>
      <logical_group id="lg-6f" display="no" color="cyan">
         <name>EQep1RegsFile</name>
         <run_address>0x5100</run_address>
         <size>0x22</size>
         <contents>
            <object_component_ref idref="oc-b4"/>
         </contents>
      </logical_group>
      <logical_group id="lg-70" display="no" color="cyan">
         <name>EQep2RegsFile</name>
         <run_address>0x0</run_address>
         <size>0x0</size>
         <contents>
         </contents>
      </logical_group>
      <logical_group id="lg-71" display="no" color="cyan">
         <name>EQep3RegsFile</name>
         <run_address>0x5180</run_address>
         <size>0x22</size>
         <contents>
            <object_component_ref idref="oc-b5"/>
         </contents>
      </logical_group>
      <logical_group id="lg-72" display="no" color="cyan">
         <name>Flash0CtrlRegsFile</name>
         <run_address>0x0</run_address>
         <size>0x0</size>
         <contents>
         </contents>
      </logical_group>
      <logical_group id="lg-73" display="no" color="cyan">
         <name>Flash0EccRegsFile</name>
         <run_address>0x0</run_address>
         <size>0x0</size>
         <contents>
         </contents>
      </logical_group>
      <logical_group id="lg-74" display="no" color="cyan">
         <name>GpioCtrlRegsFile</name>
         <run_address>0x7c00</run_address>
         <size>0x180</size>
         <contents>
            <object_component_ref idref="oc-c9"/>
         </contents>
      </logical_group>
      <logical_group id="lg-75" display="no" color="cyan">
         <name>GpioDataRegsFile</name>
         <run_address>0x7f00</run_address>
         <size>0x30</size>
         <contents>
            <object_component_ref idref="oc-b6"/>
         </contents>
      </logical_group>
      <logical_group id="lg-76" display="no" color="cyan">
         <name>OutputXbarRegsFile</name>
         <run_address>0x0</run_address>
         <size>0x0</size>
         <contents>
         </contents>
      </logical_group>
      <logical_group id="lg-77" display="no" color="cyan">
         <name>I2caRegsFile</name>
         <run_address>0x0</run_address>
         <size>0x0</size>
         <contents>
         </contents>
      </logical_group>
      <logical_group id="lg-78" display="no" color="cyan">
         <name>I2cbRegsFile</name>
         <run_address>0x0</run_address>
         <size>0x0</size>
         <contents>
         </contents>
      </logical_group>
      <logical_group id="lg-79" display="no" color="cyan">
         <name>InputXbarRegsFile</name>
         <run_address>0x7900</run_address>
         <size>0x20</size>
         <contents>
            <object_component_ref idref="oc-b2"/>
         </contents>
      </logical_group>
      <logical_group id="lg-7a" display="no" color="cyan">
         <name>XbarRegsFile</name>
         <run_address>0x0</run_address>
         <size>0x0</size>
         <contents>
         </contents>
      </logical_group>
      <logical_group id="lg-7b" display="no" color="cyan">
         <name>IpcRegsFile</name>
         <run_address>0x0</run_address>
         <size>0x0</size>
         <contents>
         </contents>
      </logical_group>
      <logical_group id="lg-7c" display="no" color="cyan">
         <name>FlashPumpSemaphoreRegsFile</name>
         <run_address>0x0</run_address>
         <size>0x0</size>
         <contents>
         </contents>
      </logical_group>
      <logical_group id="lg-7d" display="no" color="cyan">
         <name>RomPrefetchRegsFile</name>
         <run_address>0x0</run_address>
         <size>0x0</size>
         <contents>
         </contents>
      </logical_group>
      <logical_group id="lg-7e" display="no" color="cyan">
         <name>MemCfgRegsFile</name>
         <run_address>0x0</run_address>
         <size>0x0</size>
         <contents>
         </contents>
      </logical_group>
      <logical_group id="lg-7f" display="no" color="cyan">
         <name>Emif1ConfigRegsFile</name>
         <run_address>0x0</run_address>
         <size>0x0</size>
         <contents>
         </contents>
      </logical_group>
      <logical_group id="lg-80" display="no" color="cyan">
         <name>Emif2ConfigRegsFile</name>
         <run_address>0x0</run_address>
         <size>0x0</size>
         <contents>
         </contents>
      </logical_group>
      <logical_group id="lg-81" display="no" color="cyan">
         <name>AccessProtectionRegsFile</name>
         <run_address>0x0</run_address>
         <size>0x0</size>
         <contents>
         </contents>
      </logical_group>
      <logical_group id="lg-82" display="no" color="cyan">
         <name>MemoryErrorRegsFile</name>
         <run_address>0x0</run_address>
         <size>0x0</size>
         <contents>
         </contents>
      </logical_group>
      <logical_group id="lg-83" display="no" color="cyan">
         <name>RomWaitStateRegsFile</name>
         <run_address>0x0</run_address>
         <size>0x0</size>
         <contents>
         </contents>
      </logical_group>
      <logical_group id="lg-84" display="no" color="cyan">
         <name>McbspaRegsFile</name>
         <run_address>0x0</run_address>
         <size>0x0</size>
         <contents>
         </contents>
      </logical_group>
      <logical_group id="lg-85" display="no" color="cyan">
         <name>McbspbRegsFile</name>
         <run_address>0x0</run_address>
         <size>0x0</size>
         <contents>
         </contents>
      </logical_group>
      <logical_group id="lg-86" display="no" color="cyan">
         <name>UppRegsFile</name>
         <run_address>0x0</run_address>
         <size>0x0</size>
         <contents>
         </contents>
      </logical_group>
      <logical_group id="lg-87" display="no" color="cyan">
         <name>NmiIntruptRegsFile</name>
         <run_address>0x0</run_address>
         <size>0x0</size>
         <contents>
         </contents>
      </logical_group>
      <logical_group id="lg-88" display="no" color="cyan">
         <name>PieCtrlRegsFile</name>
         <run_address>0xce0</run_address>
         <size>0x1a</size>
         <contents>
            <object_component_ref idref="oc-b1"/>
         </contents>
      </logical_group>
      <logical_group id="lg-89" display="no" color="cyan">
         <name>SciaRegsFile</name>
         <run_address>0x7200</run_address>
         <size>0x10</size>
         <contents>
            <object_component_ref idref="oc-a9"/>
         </contents>
      </logical_group>
      <logical_group id="lg-8a" display="no" color="cyan">
         <name>ScibRegsFile</name>
         <run_address>0x7210</run_address>
         <size>0x10</size>
         <contents>
            <object_component_ref idref="oc-aa"/>
         </contents>
      </logical_group>
      <logical_group id="lg-8b" display="no" color="cyan">
         <name>ScicRegsFile</name>
         <run_address>0x7220</run_address>
         <size>0x10</size>
         <contents>
            <object_component_ref idref="oc-ab"/>
         </contents>
      </logical_group>
      <logical_group id="lg-8c" display="no" color="cyan">
         <name>ScidRegsFile</name>
         <run_address>0x7230</run_address>
         <size>0x10</size>
         <contents>
            <object_component_ref idref="oc-ac"/>
         </contents>
      </logical_group>
      <logical_group id="lg-8d" display="no" color="cyan">
         <name>Sdfm1RegsFile</name>
         <run_address>0x0</run_address>
         <size>0x0</size>
         <contents>
         </contents>
      </logical_group>
      <logical_group id="lg-8e" display="no" color="cyan">
         <name>Sdfm2RegsFile</name>
         <run_address>0x0</run_address>
         <size>0x0</size>
         <contents>
         </contents>
      </logical_group>
      <logical_group id="lg-8f" display="no" color="cyan">
         <name>SciaRegsFile</name>
         <run_address>0x0</run_address>
         <size>0x0</size>
         <contents>
         </contents>
      </logical_group>
      <logical_group id="lg-90" display="no" color="cyan">
         <name>ScibRegsFile</name>
         <run_address>0x0</run_address>
         <size>0x0</size>
         <contents>
         </contents>
      </logical_group>
      <logical_group id="lg-91" display="no" color="cyan">
         <name>ScicRegsFile</name>
         <run_address>0x0</run_address>
         <size>0x0</size>
         <contents>
         </contents>
      </logical_group>
      <logical_group id="lg-92" display="no" color="cyan">
         <name>ScidRegsFile</name>
         <run_address>0x0</run_address>
         <size>0x0</size>
         <contents>
         </contents>
      </logical_group>
      <logical_group id="lg-93" display="no" color="cyan">
         <name>SpiaRegsFile</name>
         <run_address>0x0</run_address>
         <size>0x0</size>
         <contents>
         </contents>
      </logical_group>
      <logical_group id="lg-94" display="no" color="cyan">
         <name>SpibRegsFile</name>
         <run_address>0x0</run_address>
         <size>0x0</size>
         <contents>
         </contents>
      </logical_group>
      <logical_group id="lg-95" display="no" color="cyan">
         <name>SpicRegsFile</name>
         <run_address>0x0</run_address>
         <size>0x0</size>
         <contents>
         </contents>
      </logical_group>
      <logical_group id="lg-96" display="no" color="cyan">
         <name>SpidRegsFile</name>
         <run_address>0x0</run_address>
         <size>0x0</size>
         <contents>
         </contents>
      </logical_group>
      <logical_group id="lg-97" display="no" color="cyan">
         <name>DevCfgRegsFile</name>
         <run_address>0x5d000</run_address>
         <size>0x12e</size>
         <contents>
            <object_component_ref idref="oc-c8"/>
         </contents>
      </logical_group>
      <logical_group id="lg-98" display="no" color="cyan">
         <name>ClkCfgRegsFile</name>
         <run_address>0x5d200</run_address>
         <size>0x32</size>
         <contents>
            <object_component_ref idref="oc-b7"/>
         </contents>
      </logical_group>
      <logical_group id="lg-99" display="no" color="cyan">
         <name>CpuSysRegsFile</name>
         <run_address>0x5d300</run_address>
         <size>0x82</size>
         <contents>
            <object_component_ref idref="oc-bc"/>
         </contents>
      </logical_group>
      <logical_group id="lg-9a" display="no" color="cyan">
         <name>SyncSocRegsFile</name>
         <run_address>0x0</run_address>
         <size>0x0</size>
         <contents>
         </contents>
      </logical_group>
      <logical_group id="lg-9b" display="no" color="cyan">
         <name>WdRegsFile</name>
         <run_address>0x0</run_address>
         <size>0x0</size>
         <contents>
         </contents>
      </logical_group>
      <logical_group id="lg-9c" display="no" color="cyan">
         <name>XintRegsFile</name>
         <run_address>0x0</run_address>
         <size>0x0</size>
         <contents>
         </contents>
      </logical_group>
      <logical_group id="lg-9d" display="no" color="cyan">
         <name>MemCfgRegs</name>
         <run_address>0x0</run_address>
         <size>0x0</size>
         <contents>
         </contents>
      </logical_group>
      <logical_group id="lg-1a5" display="never" color="cyan">
         <name>.debug_info</name>
         <load_address>0x0</load_address>
         <run_address>0x0</run_address>
         <size>0x54890</size>
         <contents>
            <object_component_ref idref="oc-a0"/>
            <object_component_ref idref="oc-a7"/>
            <object_component_ref idref="oc-ce"/>
            <object_component_ref idref="oc-d3"/>
            <object_component_ref idref="oc-d8"/>
            <object_component_ref idref="oc-dc"/>
            <object_component_ref idref="oc-e1"/>
            <object_component_ref idref="oc-e6"/>
            <object_component_ref idref="oc-eb"/>
            <object_component_ref idref="oc-f0"/>
            <object_component_ref idref="oc-f7"/>
            <object_component_ref idref="oc-fc"/>
            <object_component_ref idref="oc-1b3"/>
         </contents>
      </logical_group>
      <logical_group id="lg-1a7" display="never" color="cyan">
         <name>.debug_frame</name>
         <load_address>0x0</load_address>
         <run_address>0x0</run_address>
         <size>0x548</size>
         <contents>
            <object_component_ref idref="oc-a3"/>
            <object_component_ref idref="oc-dd"/>
            <object_component_ref idref="oc-e2"/>
            <object_component_ref idref="oc-e7"/>
            <object_component_ref idref="oc-ec"/>
            <object_component_ref idref="oc-f3"/>
            <object_component_ref idref="oc-f8"/>
            <object_component_ref idref="oc-fd"/>
         </contents>
      </logical_group>
      <logical_group id="lg-1a9" display="never" color="cyan">
         <name>.debug_line</name>
         <load_address>0x0</load_address>
         <run_address>0x0</run_address>
         <size>0x848</size>
         <contents>
            <object_component_ref idref="oc-a4"/>
            <object_component_ref idref="oc-cf"/>
            <object_component_ref idref="oc-d4"/>
            <object_component_ref idref="oc-d9"/>
            <object_component_ref idref="oc-de"/>
            <object_component_ref idref="oc-e3"/>
            <object_component_ref idref="oc-e8"/>
            <object_component_ref idref="oc-ed"/>
            <object_component_ref idref="oc-f4"/>
            <object_component_ref idref="oc-f9"/>
            <object_component_ref idref="oc-fe"/>
         </contents>
      </logical_group>
      <logical_group id="lg-1ab" display="never" color="cyan">
         <name>.debug_abbrev</name>
         <load_address>0x0</load_address>
         <run_address>0x0</run_address>
         <size>0x832</size>
         <contents>
            <object_component_ref idref="oc-a5"/>
            <object_component_ref idref="oc-cb"/>
            <object_component_ref idref="oc-d0"/>
            <object_component_ref idref="oc-d5"/>
            <object_component_ref idref="oc-da"/>
            <object_component_ref idref="oc-df"/>
            <object_component_ref idref="oc-e4"/>
            <object_component_ref idref="oc-e9"/>
            <object_component_ref idref="oc-ee"/>
            <object_component_ref idref="oc-f5"/>
            <object_component_ref idref="oc-fa"/>
            <object_component_ref idref="oc-ff"/>
            <object_component_ref idref="oc-1b4"/>
         </contents>
      </logical_group>
      <logical_group id="lg-1ad" display="never" color="cyan">
         <name>.debug_aranges</name>
         <load_address>0x0</load_address>
         <run_address>0x0</run_address>
         <size>0x238</size>
         <contents>
            <object_component_ref idref="oc-a6"/>
            <object_component_ref idref="oc-d1"/>
            <object_component_ref idref="oc-d6"/>
            <object_component_ref idref="oc-db"/>
            <object_component_ref idref="oc-e0"/>
            <object_component_ref idref="oc-e5"/>
            <object_component_ref idref="oc-ea"/>
            <object_component_ref idref="oc-ef"/>
            <object_component_ref idref="oc-f6"/>
            <object_component_ref idref="oc-fb"/>
            <object_component_ref idref="oc-100"/>
         </contents>
      </logical_group>
   </logical_group_list>
   <placement_map>
      <memory_area display="no" color="green">
         <name>BEGIN</name>
         <page_id>0x0</page_id>
         <origin>0x0</origin>
         <length>0x2</length>
         <used_space>0x0</used_space>
         <unused_space>0x2</unused_space>
         <attributes>RWIX</attributes>
         <usage_details>
         </usage_details>
      </memory_area>
      <memory_area display="yes" color="green">
         <name>RAMM0</name>
         <page_id>0x0</page_id>
         <origin>0x122</origin>
         <length>0x2de</length>
         <used_space>0x1a</used_space>
         <unused_space>0x2c4</unused_space>
         <attributes>RWIX</attributes>
         <usage_details>
            <allocated_space>
               <start_address>0x122</start_address>
               <size>0x1a</size>
               <logical_group_ref idref="lg-4"/>
            </allocated_space>
            <available_space>
               <start_address>0x13c</start_address>
               <size>0x2c4</size>
            </available_space>
         </usage_details>
      </memory_area>
      <memory_area display="yes" color="green">
         <name>RAMM0</name>
         <page_id>0x0</page_id>
         <origin>0x122</origin>
         <length>0x2de</length>
         <used_space>0x0</used_space>
         <unused_space>0x2de</unused_space>
         <attributes>RWIX</attributes>
         <usage_details>
         </usage_details>
      </memory_area>
      <memory_area display="yes" color="green">
         <name>RAMLS0</name>
         <page_id>0x0</page_id>
         <origin>0x8000</origin>
         <length>0x800</length>
         <used_space>0x0</used_space>
         <unused_space>0x800</unused_space>
         <attributes>RWIX</attributes>
         <usage_details>
            <allocated_space>
               <start_address>0x8000</start_address>
               <size>0x0</size>
               <logical_group_ref idref="lg-21"/>
            </allocated_space>
            <available_space>
               <start_address>0x8000</start_address>
               <size>0x800</size>
            </available_space>
         </usage_details>
      </memory_area>
      <memory_area display="yes" color="green">
         <name>RAMLS0</name>
         <page_id>0x0</page_id>
         <origin>0x8000</origin>
         <length>0x800</length>
         <used_space>0x0</used_space>
         <unused_space>0x800</unused_space>
         <attributes>RWIX</attributes>
         <usage_details>
         </usage_details>
      </memory_area>
      <memory_area display="yes" color="green">
         <name>RAMLS1</name>
         <page_id>0x0</page_id>
         <origin>0x8800</origin>
         <length>0x800</length>
         <used_space>0x0</used_space>
         <unused_space>0x800</unused_space>
         <attributes>RWIX</attributes>
         <usage_details>
         </usage_details>
      </memory_area>
      <memory_area display="yes" color="green">
         <name>RAMLS1</name>
         <page_id>0x0</page_id>
         <origin>0x8800</origin>
         <length>0x800</length>
         <used_space>0x0</used_space>
         <unused_space>0x800</unused_space>
         <attributes>RWIX</attributes>
         <usage_details>
         </usage_details>
      </memory_area>
      <memory_area display="yes" color="green">
         <name>RAMLS2</name>
         <page_id>0x0</page_id>
         <origin>0x9000</origin>
         <length>0x800</length>
         <used_space>0x0</used_space>
         <unused_space>0x800</unused_space>
         <attributes>RWIX</attributes>
         <usage_details>
         </usage_details>
      </memory_area>
      <memory_area display="yes" color="green">
         <name>RAMLS2</name>
         <page_id>0x0</page_id>
         <origin>0x9000</origin>
         <length>0x800</length>
         <used_space>0x0</used_space>
         <unused_space>0x800</unused_space>
         <attributes>RWIX</attributes>
         <usage_details>
         </usage_details>
      </memory_area>
[...]
            <load_size>0x2000</load_size>
         </mem_crc_rec>
         <mem_crc_rec>
            <name>FLASHE</name>
            <load_page_id>0x0</load_page_id>
            <load_address>0x88000</load_address>
            <load_size>0x8000</load_size>
         </mem_crc_rec>
         <mem_crc_rec>
            <name>FLASHF</name>
            <load_page_id>0x0</load_page_id>
            <load_address>0x90000</load_address>
            <load_size>0x8000</load_size>
         </mem_crc_rec>
         <mem_crc_rec>
            <name>FLASHG</name>
            <load_page_id>0x0</load_page_id>
            <load_address>0x98000</load_address>
            <load_size>0x8000</load_size>
         </mem_crc_rec>
         <mem_crc_rec>
            <name>FLASHH</name>
            <load_page_id>0x0</load_page_id>
            <load_address>0xa0000</load_address>
            <load_size>0x8000</load_size>
         </mem_crc_rec>
         <mem_crc_rec>
            <name>FLASHI</name>
            <load_page_id>0x0</load_page_id>
            <load_address>0xa8000</load_address>
            <load_size>0x8000</load_size>
         </mem_crc_rec>
         <mem_crc_rec>
            <name>FLASHJ</name>
            <load_page_id>0x0</load_page_id>
            <load_address>0xb0000</load_address>
            <load_size>0x8000</load_size>
         </mem_crc_rec>
         <mem_crc_rec>
            <name>FLASHK</name>
            <load_page_id>0x0</load_page_id>
            <load_address>0xb8000</load_address>
            <load_size>0x2000</load_size>
         </mem_crc_rec>
         <mem_crc_rec>
            <name>FLASHL</name>
            <load_page_id>0x0</load_page_id>
            <load_address>0xba000</load_address>
            <load_size>0x2000</load_size>
         </mem_crc_rec>
         <mem_crc_rec>
            <name>FLASHM</name>
            <load_page_id>0x0</load_page_id>
            <load_address>0xbc000</load_address>
            <load_size>0x2000</load_size>
         </mem_crc_rec>
         <mem_crc_rec>
            <name>FLASHN</name>
            <load_page_id>0x0</load_page_id>
            <load_address>0xbe000</load_address>
            <load_size>0x1ff0</load_size>
         </mem_crc_rec>
         <mem_crc_rec>
            <name>FLASHN_DO_NOT_USE</name>
            <load_page_id>0x0</load_page_id>
            <load_address>0xbfff0</load_address>
            <load_size>0x10</load_size>
         </mem_crc_rec>
      </mem_crc_table>
   </mem_crc_table_list>
   <symbol_table>
      <symbol id="sm-0">
         <name>_RamfuncsLoadStart</name>
         <value>0x8000</value>
      </symbol>
      <symbol id="sm-1">
         <name>_RamfuncsLoadSize</name>
         <value>0x0</value>
      </symbol>
      <symbol id="sm-2">
         <name>_RamfuncsLoadEnd</name>
         <value>0x8000</value>
      </symbol>
      <symbol id="sm-3">
         <name>_RamfuncsRunStart</name>
         <value>0x8000</value>
      </symbol>
      <symbol id="sm-4">
         <name>_RamfuncsRunSize</name>
         <value>0x0</value>
      </symbol>
      <symbol id="sm-5">
         <name>_RamfuncsRunEnd</name>
         <value>0x8000</value>
      </symbol>
      <symbol id="sm-6">
         <name>_ccs_flash_checksum</name>
         <value>0x0</value>
      </symbol>
      <symbol id="sm-7">
         <name>__TI_MEMRANGE_CRC__ccs_flash_checksum</name>
         <value>0x0</value>
      </symbol>
      <symbol id="sm-8">
         <name>cinit</name>
         <value>0x122</value>
      </symbol>
      <symbol id="sm-9">
         <name>___cinit__</name>
         <value>0x122</value>
      </symbol>
      <symbol id="sm-a">
         <name>pinit</name>
         <value>0xffffffff</value>
      </symbol>
      <symbol id="sm-b">
         <name>___pinit__</name>
         <value>0xffffffff</value>
      </symbol>
      <symbol id="sm-c">
         <name>binit</name>
         <value>0xffffffff</value>
      </symbol>
      <symbol id="sm-d">
         <name>___binit__</name>
         <value>0xffffffff</value>
      </symbol>
      <symbol id="sm-e">
         <name>__STACK_SIZE</name>
         <value>0x200</value>
      </symbol>
      <symbol id="sm-f">
         <name>__STACK_END</name>
         <value>0x600</value>
      </symbol>
      <symbol id="sm-10">
         <name>___c_args__</name>
         <value>0xffffffff</value>
      </symbol>
      <symbol id="sm-11">
         <name>.text</name>
         <value>0xffffffff</value>
      </symbol>
      <symbol id="sm-12">
         <name>___text__</name>
         <value>0xffffffff</value>
      </symbol>
      <symbol id="sm-13">
         <name>etext</name>
         <value>0xffffffff</value>
      </symbol>
      <symbol id="sm-14">
         <name>___etext__</name>
         <value>0xffffffff</value>
      </symbol>
      <symbol id="sm-15">
         <name>___TI_pprof_out_hndl</name>
         <value>0xffffffff</value>
      </symbol>
      <symbol id="sm-16">
         <name>___TI_prof_data_start</name>
         <value>0xffffffff</value>
      </symbol>
      <symbol id="sm-17">
         <name>___TI_prof_data_size</name>
         <value>0xffffffff</value>
      </symbol>
      <symbol id="sm-185">
         <name>_pwm3ISR</name>
         <value>0xb439</value>
         <object_component_ref idref="oc-a2"/>
      </symbol>
      <symbol id="sm-187">
         <name>_main</name>
         <value>0xb000</value>
         <object_component_ref idref="oc-108"/>
      </symbol>
      <symbol id="sm-189">
         <name>_Timer_Period</name>
         <value>0xa8e4</value>
         <object_component_ref idref="oc-a1"/>
      </symbol>
      <symbol id="sm-18a">
         <name>_pwm5ISR</name>
         <value>0xb463</value>
         <object_component_ref idref="oc-a2"/>
      </symbol>
      <symbol id="sm-18c">
         <name>_BLDCMOTOR</name>
         <value>0xb3f9</value>
         <object_component_ref idref="oc-108"/>
      </symbol>
      <symbol id="sm-18e">
         <name>_SysControl</name>
         <value>0xb11c</value>
         <object_component_ref idref="oc-108"/>
      </symbol>
      <symbol id="sm-190">
         <name>_pwgen</name>
         <value>0xb322</value>
         <object_component_ref idref="oc-108"/>
      </symbol>
      <symbol id="sm-192">
         <name>_pwm2</name>
         <value>0xb192</value>
         <object_component_ref idref="oc-108"/>
      </symbol>
      <symbol id="sm-194">
         <name>_pwm3</name>
         <value>0xb1d3</value>
         <object_component_ref idref="oc-108"/>
      </symbol>
      <symbol id="sm-196">
         <name>_pwm1</name>
         <value>0xb158</value>
         <object_component_ref idref="oc-108"/>
      </symbol>
      <symbol id="sm-198">
         <name>_pwm4</name>
         <value>0xb20f</value>
         <object_component_ref idref="oc-108"/>
      </symbol>
      <symbol id="sm-19a">
         <name>_pwm1ISR</name>
         <value>0xb40f</value>
         <object_component_ref idref="oc-a2"/>
      </symbol>
      <symbol id="sm-19c">
         <name>_fre</name>
         <value>0xa8e0</value>
         <object_component_ref idref="oc-a1"/>
      </symbol>
      <symbol id="sm-19d">
         <name>_H3</name>
         <value>0xa8dc</value>
         <object_component_ref idref="oc-a1"/>
      </symbol>
      <symbol id="sm-19e">
         <name>_H2</name>
         <value>0xa8da</value>
         <object_component_ref idref="oc-a1"/>
      </symbol>
      <symbol id="sm-19f">
         <name>_H1</name>
         <value>0xa8d8</value>
         <object_component_ref idref="oc-a1"/>
      </symbol>
      <symbol id="sm-1a0">
         <name>_gpioInit</name>
         <value>0xb091</value>
         <object_component_ref idref="oc-108"/>
      </symbol>
      <symbol id="sm-1a2">
         <name>_Pre_Value</name>
         <value>0xa8ca</value>
         <object_component_ref idref="oc-a1"/>
      </symbol>
      <symbol id="sm-1a3">
         <name>_Timer0ISR</name>
         <value>0xb3fa</value>
         <object_component_ref idref="oc-a2"/>
      </symbol>
      <symbol id="sm-1a5">
         <name>_Curr_Value</name>
         <value>0xa8cc</value>
         <object_component_ref idref="oc-a1"/>
      </symbol>
      <symbol id="sm-1a6">
         <name>_Phase_B</name>
         <value>0xa8d6</value>
         <object_component_ref idref="oc-a1"/>
      </symbol>
      <symbol id="sm-1a7">
         <name>_Period_I</name>
         <value>0xa8d0</value>
         <object_component_ref idref="oc-a1"/>
      </symbol>
      <symbol id="sm-1a8">
         <name>_Timer_Value</name>
         <value>0xa8ce</value>
         <object_component_ref idref="oc-a1"/>
      </symbol>
      <symbol id="sm-1a9">
         <name>_Period_A</name>
         <value>0xa8d2</value>
         <object_component_ref idref="oc-a1"/>
      </symbol>
      <symbol id="sm-1aa">
         <name>_UTOISR</name>
         <value>0xb48d</value>
         <object_component_ref idref="oc-a2"/>
      </symbol>
      <symbol id="sm-1ac">
         <name>_Period_B</name>
         <value>0xa8d4</value>
         <object_component_ref idref="oc-a1"/>
      </symbol>
      <symbol id="sm-1ad">
         <name>_pwm6ISR</name>
         <value>0xb478</value>
         <object_component_ref idref="oc-a2"/>
      </symbol>
      <symbol id="sm-1af">
         <name>_latchvalue</name>
         <value>0xa800</value>
         <object_component_ref idref="oc-106"/>
      </symbol>
      <symbol id="sm-1b0">
         <name>_InitTimer0</name>
         <value>0xb076</value>
         <object_component_ref idref="oc-108"/>
      </symbol>
      <symbol id="sm-1b2">
         <name>_fr</name>
         <value>0xa8e2</value>
         <object_component_ref idref="oc-a1"/>
      </symbol>
      <symbol id="sm-1b3">
         <name>_PWM6</name>
         <value>0xb28e</value>
         <object_component_ref idref="oc-108"/>
      </symbol>
      <symbol id="sm-1b5">
         <name>_PWM5</name>
         <value>0xb24b</value>
         <object_component_ref idref="oc-108"/>
      </symbol>
      <symbol id="sm-1b7">
         <name>_pos</name>
         <value>0xa8de</value>
         <object_component_ref idref="oc-a1"/>
      </symbol>
      <symbol id="sm-1b8">
         <name>_pwm2ISR</name>
         <value>0xb424</value>
         <object_component_ref idref="oc-a2"/>
      </symbol>
      <symbol id="sm-1ba">
         <name>_pwm4ISR</name>
         <value>0xb44e</value>
         <object_component_ref idref="oc-a2"/>
      </symbol>
      <symbol id="sm-1bc">
         <name>_i</name>
         <value>0xa8c8</value>
         <object_component_ref idref="oc-a1"/>
      </symbol>
      <symbol id="sm-1bd">
         <name>_equal</name>
         <value>0xb2d1</value>
         <object_component_ref idref="oc-108"/>
      </symbol>
      <symbol id="sm-1bf">
         <name>_QEPInit</name>
         <value>0xb38b</value>
         <object_component_ref idref="oc-108"/>
      </symbol>
      <symbol id="sm-20c">
         <name>_GpioCtrlRegs</name>
         <value>0x7c00</value>
         <object_component_ref idref="oc-c9"/>
      </symbol>
      <symbol id="sm-20d">
         <name>_PieVectTable</name>
         <value>0xd00</value>
         <object_component_ref idref="oc-ca"/>
      </symbol>
      <symbol id="sm-20e">
         <name>_ClkCfgRegs</name>
         <value>0x5d200</value>
         <object_component_ref idref="oc-b7"/>
      </symbol>
      <symbol id="sm-20f">
         <name>_AdcdRegs</name>
         <value>0x7580</value>
         <object_component_ref idref="oc-bb"/>
      </symbol>
      <symbol id="sm-210">
         <name>_ScidRegs</name>
         <value>0x7230</value>
         <object_component_ref idref="oc-ac"/>
      </symbol>
      <symbol id="sm-211">
         <name>_InputXbarRegs</name>
         <value>0x7900</value>
         <object_component_ref idref="oc-b2"/>
      </symbol>
      <symbol id="sm-212">
         <name>_EPwm4Regs</name>
         <value>0x4300</value>
         <object_component_ref idref="oc-c0"/>
      </symbol>
      <symbol id="sm-213">
         <name>_EPwm5Regs</name>
         <value>0x4400</value>
         <object_component_ref idref="oc-c1"/>
      </symbol>
      <symbol id="sm-214">
         <name>_CpuSysRegs</name>
         <value>0x5d300</value>
         <object_component_ref idref="oc-bc"/>
      </symbol>
      <symbol id="sm-215">
         <name>_CpuTimer0Regs</name>
         <value>0xc00</value>
         <object_component_ref idref="oc-a8"/>
      </symbol>
      <symbol id="sm-216">
         <name>_EPwm6Regs</name>
         <value>0x4500</value>
         <object_component_ref idref="oc-c2"/>
      </symbol>
      <symbol id="sm-217">
         <name>_AdcaRegs</name>
         <value>0x7400</value>
         <object_component_ref idref="oc-b8"/>
      </symbol>
      <symbol id="sm-218">
         <name>_SciaRegs</name>
         <value>0x7200</value>
         <object_component_ref idref="oc-a9"/>
      </symbol>
      <symbol id="sm-219">
         <name>_EPwm11Regs</name>
         <value>0x4a00</value>
         <object_component_ref idref="oc-c7"/>
      </symbol>
      <symbol id="sm-21a">
         <name>_GpioDataRegs</name>
         <value>0x7f00</value>
         <object_component_ref idref="oc-b6"/>
      </symbol>
      <symbol id="sm-21b">
         <name>_EPwm7Regs</name>
         <value>0x4600</value>
         <object_component_ref idref="oc-c3"/>
      </symbol>
      <symbol id="sm-21c">
         <name>_EPwm10Regs</name>
         <value>0x4900</value>
         <object_component_ref idref="oc-c6"/>
      </symbol>
      <symbol id="sm-21d">
         <name>_PieCtrlRegs</name>
         <value>0xce0</value>
         <object_component_ref idref="oc-b1"/>
      </symbol>
      <symbol id="sm-21e">
         <name>_DevCfgRegs</name>
         <value>0x5d000</value>
         <object_component_ref idref="oc-c8"/>
      </symbol>
      <symbol id="sm-21f">
         <name>_AdccRegs</name>
         <value>0x7500</value>
         <object_component_ref idref="oc-ba"/>
      </symbol>
      <symbol id="sm-220">
         <name>_ScicRegs</name>
         <value>0x7220</value>
         <object_component_ref idref="oc-ab"/>
      </symbol>
      <symbol id="sm-221">
         <name>_ECap1Regs</name>
         <value>0x5000</value>
         <object_component_ref idref="oc-b3"/>
      </symbol>
      <symbol id="sm-222">
         <name>_EQep1Regs</name>
         <value>0x5100</value>
         <object_component_ref idref="oc-b4"/>
      </symbol>
      <symbol id="sm-223">
         <name>_EPwm1Regs</name>
         <value>0x4000</value>
         <object_component_ref idref="oc-bd"/>
      </symbol>
      <symbol id="sm-224">
         <name>_AdcbRegs</name>
         <value>0x7480</value>
         <object_component_ref idref="oc-b9"/>
      </symbol>
      <symbol id="sm-225">
         <name>_ScibRegs</name>
         <value>0x7210</value>
         <object_component_ref idref="oc-aa"/>
      </symbol>
      <symbol id="sm-226">
         <name>_AdcaResultRegs</name>
         <value>0xb00</value>
         <object_component_ref idref="oc-ad"/>
      </symbol>
      <symbol id="sm-227">
         <name>_AdcbResultRegs</name>
         <value>0xb20</value>
         <object_component_ref idref="oc-ae"/>
      </symbol>
      <symbol id="sm-228">
         <name>_AdccResultRegs</name>
         <value>0xb40</value>
         <object_component_ref idref="oc-af"/>
      </symbol>
      <symbol id="sm-229">
         <name>_AdcdResultRegs</name>
         <value>0xb60</value>
         <object_component_ref idref="oc-b0"/>
      </symbol>
      <symbol id="sm-22a">
         <name>_EPwm8Regs</name>
         <value>0x4700</value>
         <object_component_ref idref="oc-c4"/>
      </symbol>
      <symbol id="sm-22b">
         <name>_EPwm2Regs</name>
         <value>0x4100</value>
         <object_component_ref idref="oc-be"/>
      </symbol>
      <symbol id="sm-22c">
         <name>_EQep3Regs</name>
         <value>0x5180</value>
         <object_component_ref idref="oc-b5"/>
      </symbol>
      <symbol id="sm-22d">
         <name>_EPwm9Regs</name>
         <value>0x4800</value>
         <object_component_ref idref="oc-c5"/>
      </symbol>
      <symbol id="sm-22e">
         <name>_EPwm3Regs</name>
         <value>0x4200</value>
         <object_component_ref idref="oc-bf"/>
      </symbol>
      <symbol id="sm-249">
         <name>_c_int00</name>
         <value>0xb613</value>
         <object_component_ref idref="oc-9f"/>
      </symbol>
      <symbol id="sm-24a">
         <name>__stack</name>
         <value>0x400</value>
         <object_component_ref idref="oc-cc"/>
      </symbol>
      <symbol id="sm-25b">
         <name>FS$$DIV</name>
         <value>0xb58b</value>
         <object_component_ref idref="oc-d2"/>
      </symbol>
      <symbol id="sm-267">
         <name>UL$$MOD</name>
         <value>0xb68d</value>
         <object_component_ref idref="oc-d7"/>
      </symbol>
      <symbol id="sm-268">
         <name>L$$MOD</name>
         <value>0xb678</value>
         <object_component_ref idref="oc-d7"/>
      </symbol>
      <symbol id="sm-269">
         <name>L$$DIV</name>
         <value>0xb669</value>
         <object_component_ref idref="oc-d7"/>
      </symbol>
      <symbol id="sm-26a">
         <name>UL$$DIV</name>
         <value>0xb686</value>
         <object_component_ref idref="oc-d7"/>
      </symbol>
      <symbol id="sm-279">
         <name>_copy_in</name>
         <value>0xb6bc</value>
         <object_component_ref idref="oc-102"/>
      </symbol>
      <symbol id="sm-28b">
         <name>_memcpy</name>
         <value>0xb6e0</value>
         <object_component_ref idref="oc-107"/>
      </symbol>
      <symbol id="sm-298">
         <name>__system_pre_init</name>
         <value>0xb718</value>
         <object_component_ref idref="oc-101"/>
      </symbol>
      <symbol id="sm-2a6">
         <name>__system_post_cinit</name>
         <value>0xb71a</value>
         <object_component_ref idref="oc-103"/>
      </symbol>
      <symbol id="sm-2bb">
         <name>C$$EXIT</name>
         <value>0xb693</value>
         <object_component_ref idref="oc-105"/>
      </symbol>
      <symbol id="sm-2bc">
         <name>_exit</name>
         <value>0xb695</value>
         <object_component_ref idref="oc-105"/>
      </symbol>
      <symbol id="sm-2be">
         <name>___TI_cleanup_ptr</name>
         <value>0xa8e8</value>
         <object_component_ref idref="oc-f2"/>
      </symbol>
      <symbol id="sm-2bf">
         <name>___TI_enable_exit_profile_output</name>
         <value>0xa8e6</value>
         <object_component_ref idref="oc-f2"/>
      </symbol>
      <symbol id="sm-2c0">
         <name>_abort</name>
         <value>0xb693</value>
         <object_component_ref idref="oc-105"/>
      </symbol>
      <symbol id="sm-2c2">
         <name>___TI_dtors_ptr</name>
         <value>0xa8ea</value>
         <object_component_ref idref="oc-f2"/>
      </symbol>
      <symbol id="sm-2d6">
         <name>__unlock</name>
         <value>0xa8ee</value>
         <object_component_ref idref="oc-10d"/>
      </symbol>
      <symbol id="sm-2d7">
         <name>__lock</name>
         <value>0xa8ec</value>
         <object_component_ref idref="oc-109"/>
      </symbol>
      <symbol id="sm-2d8">
         <name>__register_lock</name>
         <value>0xb713</value>
         <object_component_ref idref="oc-10b"/>
      </symbol>
      <symbol id="sm-2da">
         <name>__nop</name>
         <value>0xb717</value>
         <object_component_ref idref="oc-10b"/>
      </symbol>
      <symbol id="sm-2dc">
         <name>__register_unlock</name>
         <value>0xb70f</value>
         <object_component_ref idref="oc-10b"/>
      </symbol>
      <symbol id="sm-2ec">
         <name>__args_main</name>
         <value>0xb6fd</value>
         <object_component_ref idref="oc-104"/>
      </symbol>
   </symbol_table>
   <title>Link errors: red sections failed placement</title>
</link_info>
